Component: ARM Compiler 5.06 update 7 (build 960) Tool: armlink [4d3601]

==============================================================================

Section Cross References

    startup_stm32f407xx.o(RESET) refers to startup_stm32f407xx.o(STACK) for __initial_sp
    startup_stm32f407xx.o(RESET) refers to startup_stm32f407xx.o(.text) for Reset_Handler
    startup_stm32f407xx.o(RESET) refers to stm32f4xx_it.o(i.NMI_Handler) for NMI_Handler
    startup_stm32f407xx.o(RESET) refers to stm32f4xx_it.o(i.HardFault_Handler) for HardFault_Handler
    startup_stm32f407xx.o(RESET) refers to stm32f4xx_it.o(i.MemManage_Handler) for MemManage_Handler
    startup_stm32f407xx.o(RESET) refers to stm32f4xx_it.o(i.BusFault_Handler) for BusFault_Handler
    startup_stm32f407xx.o(RESET) refers to stm32f4xx_it.o(i.UsageFault_Handler) for UsageFault_Handler
    startup_stm32f407xx.o(RESET) refers to port.o(.emb_text) for SVC_Handler
    startup_stm32f407xx.o(RESET) refers to stm32f4xx_it.o(i.DebugMon_Handler) for DebugMon_Handler
    startup_stm32f407xx.o(RESET) refers to port.o(i.SysTick_Handler) for SysTick_Handler
    startup_stm32f407xx.o(RESET) refers to stm32f4xx_it.o(i.RCC_IRQHandler) for RCC_IRQHandler
    startup_stm32f407xx.o(RESET) refers to stm32f4xx_it.o(i.CAN1_TX_IRQHandler) for CAN1_TX_IRQHandler
    startup_stm32f407xx.o(RESET) refers to stm32f4xx_it.o(i.CAN1_RX0_IRQHandler) for CAN1_RX0_IRQHandler
    startup_stm32f407xx.o(RESET) refers to stm32f4xx_it.o(i.CAN1_RX1_IRQHandler) for CAN1_RX1_IRQHandler
    startup_stm32f407xx.o(RESET) refers to stm32f4xx_it.o(i.CAN1_SCE_IRQHandler) for CAN1_SCE_IRQHandler
    startup_stm32f407xx.o(RESET) refers to stm32f4xx_it.o(i.TIM1_UP_TIM10_IRQHandler) for TIM1_UP_TIM10_IRQHandler
    startup_stm32f407xx.o(RESET) refers to stm32f4xx_it.o(i.TIM3_IRQHandler) for TIM3_IRQHandler
    startup_stm32f407xx.o(RESET) refers to stm32f4xx_it.o(i.USART1_IRQHandler) for USART1_IRQHandler
    startup_stm32f407xx.o(RESET) refers to stm32f4xx_it.o(i.CAN2_TX_IRQHandler) for CAN2_TX_IRQHandler
    startup_stm32f407xx.o(RESET) refers to stm32f4xx_it.o(i.CAN2_RX0_IRQHandler) for CAN2_RX0_IRQHandler
    startup_stm32f407xx.o(RESET) refers to stm32f4xx_it.o(i.CAN2_RX1_IRQHandler) for CAN2_RX1_IRQHandler
    startup_stm32f407xx.o(RESET) refers to stm32f4xx_it.o(i.DMA2_Stream5_IRQHandler) for DMA2_Stream5_IRQHandler
    startup_stm32f407xx.o(.text) refers to system_stm32f4xx.o(i.SystemInit) for SystemInit
    startup_stm32f407xx.o(.text) refers to entry.o(.ARM.Collect$$$$00000000) for __main
    main.o(i.CAN_Filter_Init) refers to stm32f4xx_hal_can.o(i.HAL_CAN_ConfigFilter) for HAL_CAN_ConfigFilter
    main.o(i.CAN_Filter_Init) refers to stm32f4xx_hal_can.o(i.HAL_CAN_Start) for HAL_CAN_Start
    main.o(i.Can_SendMsg) refers to stm32f4xx_hal_can.o(i.HAL_CAN_AddTxMessage) for HAL_CAN_AddTxMessage
    main.o(i.DBUS_Ch0_Map_to_GM6020_Angle) refers to main.o(.bss) for g_dbus_rc
    main.o(i.DBUS_ParseData) refers to main.o(.bss) for g_dbus_rc
    main.o(i.DBUS_ParseData) refers to main.o(.data) for g_dbus_mouse
    main.o(i.HAL_CAN_RxFifo0MsgPendingCallback) refers to stm32f4xx_hal_can.o(i.HAL_CAN_GetRxMessage) for HAL_CAN_GetRxMessage
    main.o(i.HAL_CAN_RxFifo0MsgPendingCallback) refers to main.o(.data) for rx_data
    main.o(i.HAL_CAN_RxFifo0MsgPendingCallback) refers to main.o(.bss) for RxMsg
    main.o(i.HAL_CAN_RxFifo1MsgPendingCallback) refers to stm32f4xx_hal_can.o(i.HAL_CAN_GetRxMessage) for HAL_CAN_GetRxMessage
    main.o(i.HAL_CAN_RxFifo1MsgPendingCallback) refers to main.o(.data) for rx_data2
    main.o(i.HAL_CAN_RxFifo1MsgPendingCallback) refers to main.o(.bss) for RxMsg
    main.o(i.HAL_TIM_PeriodElapsedCallback) refers to stm32f4xx_hal.o(i.HAL_IncTick) for HAL_IncTick
    main.o(i.HAL_UARTEx_RxEventCallback) refers to main.o(i.DBUS_ParseData) for DBUS_ParseData
    main.o(i.HAL_UARTEx_RxEventCallback) refers to stm32f4xx_hal.o(i.HAL_GetTick) for HAL_GetTick
    main.o(i.HAL_UARTEx_RxEventCallback) refers to stm32f4xx_hal_uart.o(i.HAL_UARTEx_ReceiveToIdle_DMA) for HAL_UARTEx_ReceiveToIdle_DMA
    main.o(i.HAL_UARTEx_RxEventCallback) refers to main.o(.bss) for g_dbus_rx_buf
    main.o(i.HAL_UARTEx_RxEventCallback) refers to main.o(.data) for rc_last_heartbeat
    main.o(i.HAL_UARTEx_RxEventCallback) refers to usart.o(.bss) for huart1
    main.o(i.HAL_UART_ErrorCallback) refers to stm32f4xx_hal_uart.o(i.HAL_UARTEx_ReceiveToIdle_DMA) for HAL_UARTEx_ReceiveToIdle_DMA
    main.o(i.HAL_UART_ErrorCallback) refers to main.o(.bss) for g_dbus_rx_buf
    main.o(i.HAL_UART_ErrorCallback) refers to usart.o(.bss) for huart1
    main.o(i.M2006init) refers to main.o(.data) for m2006_target_speed
    main.o(i.PID_Compute_SegmentedVS) refers to main.o(i.calculate_transition_weight) for calculate_transition_weight
    main.o(i.PID_Compute_add) refers to f2d.o(.text) for __aeabi_f2d
    main.o(i.PID_Compute_add) refers to fabs.o(i.__hardfp_fabs) for __hardfp_fabs
[...]
    i.HAL_RCC_GetPCLK1Freq                   0x08001ee4   Section        0  stm32f4xx_hal_rcc.o(i.HAL_RCC_GetPCLK1Freq)
    i.HAL_RCC_GetPCLK2Freq                   0x08001f04   Section        0  stm32f4xx_hal_rcc.o(i.HAL_RCC_GetPCLK2Freq)
    i.HAL_RCC_GetSysClockFreq                0x08001f24   Section        0  stm32f4xx_hal_rcc.o(i.HAL_RCC_GetSysClockFreq)
    i.HAL_RCC_OscConfig                      0x08001fd4   Section        0  stm32f4xx_hal_rcc.o(i.HAL_RCC_OscConfig)
    i.HAL_TIMEx_BreakCallback                0x08002470   Section        0  stm32f4xx_hal_tim_ex.o(i.HAL_TIMEx_BreakCallback)
    i.HAL_TIMEx_CommutCallback               0x08002472   Section        0  stm32f4xx_hal_tim_ex.o(i.HAL_TIMEx_CommutCallback)
    i.HAL_TIMEx_MasterConfigSynchronization  0x08002474   Section        0  stm32f4xx_hal_tim_ex.o(i.HAL_TIMEx_MasterConfigSynchronization)
    i.HAL_TIM_Base_Init                      0x08002528   Section        0  stm32f4xx_hal_tim.o(i.HAL_TIM_Base_Init)
    i.HAL_TIM_Base_MspInit                   0x08002590   Section        0  tim.o(i.HAL_TIM_Base_MspInit)
    i.HAL_TIM_Base_Start_IT                  0x08002624   Section        0  stm32f4xx_hal_tim.o(i.HAL_TIM_Base_Start_IT)
    i.HAL_TIM_ConfigClockSource              0x080026cc   Section        0  stm32f4xx_hal_tim.o(i.HAL_TIM_ConfigClockSource)
    i.HAL_TIM_IC_CaptureCallback             0x080027d8   Section        0  stm32f4xx_hal_tim.o(i.HAL_TIM_IC_CaptureCallback)
    i.HAL_TIM_IC_ConfigChannel               0x080027da   Section        0  stm32f4xx_hal_tim.o(i.HAL_TIM_IC_ConfigChannel)
    i.HAL_TIM_IC_Init                        0x080028b8   Section        0  stm32f4xx_hal_tim.o(i.HAL_TIM_IC_Init)
    i.HAL_TIM_IC_MspInit                     0x0800291e   Section        0  stm32f4xx_hal_tim.o(i.HAL_TIM_IC_MspInit)
    i.HAL_TIM_IRQHandler                     0x08002920   Section        0  stm32f4xx_hal_tim.o(i.HAL_TIM_IRQHandler)
    i.HAL_TIM_OC_DelayElapsedCallback        0x08002a8c   Section        0  stm32f4xx_hal_tim.o(i.HAL_TIM_OC_DelayElapsedCallback)
    i.HAL_TIM_PWM_PulseFinishedCallback      0x08002a8e   Section        0  stm32f4xx_hal_tim.o(i.HAL_TIM_PWM_PulseFinishedCallback)
    i.HAL_TIM_PeriodElapsedCallback          0x08002a90   Section        0  main.o(i.HAL_TIM_PeriodElapsedCallback)
    i.HAL_TIM_TriggerCallback                0x08002aa8   Section        0  stm32f4xx_hal_tim.o(i.HAL_TIM_TriggerCallback)
    i.HAL_UARTEx_ReceiveToIdle_DMA           0x08002aaa   Section        0  stm32f4xx_hal_uart.o(i.HAL_UARTEx_ReceiveToIdle_DMA)
    i.HAL_UARTEx_RxEventCallback             0x08002b1c   Section        0  main.o(i.HAL_UARTEx_RxEventCallback)
    i.HAL_UART_ErrorCallback                 0x08002b58   Section        0  main.o(i.HAL_UART_ErrorCallback)
    i.HAL_UART_IRQHandler                    0x08002b70   Section        0  stm32f4xx_hal_uart.o(i.HAL_UART_IRQHandler)
    i.HAL_UART_Init                          0x08002e78   Section        0  stm32f4xx_hal_uart.o(i.HAL_UART_Init)
    i.HAL_UART_MspInit                       0x08002ef0   Section        0  usart.o(i.HAL_UART_MspInit)
    i.HAL_UART_RxCpltCallback                0x08002fd0   Section        0  stm32f4xx_hal_uart.o(i.HAL_UART_RxCpltCallback)
    i.HAL_UART_RxHalfCpltCallback            0x08002fd2   Section        0  stm32f4xx_hal_uart.o(i.HAL_UART_RxHalfCpltCallback)
    i.HAL_UART_TxCpltCallback                0x08002fd4   Section        0  stm32f4xx_hal_uart.o(i.HAL_UART_TxCpltCallback)
    i.HardFault_Handler                      0x08002fd6   Section        0  stm32f4xx_it.o(i.HardFault_Handler)
    i.M2006init                              0x08002fdc   Section        0  main.o(i.M2006init)
    i.MX_CAN1_Init                           0x08002ff0   Section        0  can.o(i.MX_CAN1_Init)
    i.MX_CAN2_Init                           0x08003034   Section        0  can.o(i.MX_CAN2_Init)
    i.MX_DMA_Init                            0x08003078   Section        0  dma.o(i.MX_DMA_Init)
    i.MX_FREERTOS_Init                       0x080030b0   Section        0  freertos.o(i.MX_FREERTOS_Init)
    i.MX_GPIO_Init                           0x0800312c   Section        0  gpio.o(i.MX_GPIO_Init)
    i.MX_IWDG_Init                           0x080031b0   Section        0  iwdg.o(i.MX_IWDG_Init)
    i.MX_TIM3_Init                           0x080031d8   Section        0  tim.o(i.MX_TIM3_Init)
    i.MX_USART1_UART_Init                    0x08003278   Section        0  usart.o(i.MX_USART1_UART_Init)
    i.MemManage_Handler                      0x080032b8   Section        0  stm32f4xx_it.o(i.MemManage_Handler)
    i.NMI_Handler                            0x080032bc   Section        0  stm32f4xx_it.o(i.NMI_Handler)
    i.PID_Compute_add                        0x080032c0   Section        0  main.o(i.PID_Compute_add)
    i.PID_Compute_full                       0x08003448   Section        0  main.o(i.PID_Compute_full)
    i.PID_Compute_local                      0x08003668   Section        0  main.o(i.PID_Compute_local)
    i.RCC_IRQHandler                         0x0800386c   Section        0  stm32f4xx_it.o(i.RCC_IRQHandler)
    i.StartDefaultTask                       0x0800386e   Section        0  freertos.o(i.StartDefaultTask)
    i.StartRCWatchdogTask                    0x08003880   Section        0  main.o(i.StartRCWatchdogTask)
    i.StartTask02                            0x080038c0   Section        0  freertos.o(i.StartTask02)
    i.StartTask03                            0x080038d8   Section        0  freertos.o(i.StartTask03)
    i.StartTask04                            0x080038fc   Section        0  freertos.o(i.StartTask04)
    i.StartWatchdogTask                      0x0800390c   Section        0  main.o(i.StartWatchdogTask)
    i.SysTick_Handler                        0x08003980   Section        0  port.o(i.SysTick_Handler)
    i.SystemClock_Config                     0x080039b4   Section        0  main.o(i.SystemClock_Config)
    i.SystemInit                             0x08003a70   Section        0  system_stm32f4xx.o(i.SystemInit)
    i.TIM1_UP_TIM10_IRQHandler               0x08003a84   Section        0  stm32f4xx_it.o(i.TIM1_UP_TIM10_IRQHandler)
    i.TIM3_IRQHandler                        0x08003a94   Section        0  stm32f4xx_it.o(i.TIM3_IRQHandler)
    i.TIM_Base_SetConfig                     0x08003aa4   Section        0  stm32f4xx_hal_tim.o(i.TIM_Base_SetConfig)
    i.TIM_ETR_SetConfig                      0x08003b84   Section        0  stm32f4xx_hal_tim.o(i.TIM_ETR_SetConfig)
    i.TIM_ITRx_SetConfig                     0x08003b9a   Section        0  stm32f4xx_hal_tim.o(i.TIM_ITRx_SetConfig)
    TIM_ITRx_SetConfig                       0x08003b9b   Thumb Code    18  stm32f4xx_hal_tim.o(i.TIM_ITRx_SetConfig)
    i.TIM_TI1_ConfigInputStage               0x08003bac   Section        0  stm32f4xx_hal_tim.o(i.TIM_TI1_ConfigInputStage)
    TIM_TI1_ConfigInputStage                 0x08003bad   Thumb Code    38  stm32f4xx_hal_tim.o(i.TIM_TI1_ConfigInputStage)
    i.TIM_TI1_SetConfig                      0x08003bd4   Section        0  stm32f4xx_hal_tim.o(i.TIM_TI1_SetConfig)
    i.TIM_TI2_ConfigInputStage               0x08003c64   Section        0  stm32f4xx_hal_tim.o(i.TIM_TI2_ConfigInputStage)
    TIM_TI2_ConfigInputStage                 0x08003c65   Thumb Code    40  stm32f4xx_hal_tim.o(i.TIM_TI2_ConfigInputStage)
    i.TIM_TI2_SetConfig                      0x08003c8c   Section        0  stm32f4xx_hal_tim.o(i.TIM_TI2_SetConfig)
    TIM_TI2_SetConfig                        0x08003c8d   Thumb Code    58  stm32f4xx_hal_tim.o(i.TIM_TI2_SetConfig)
    i.TIM_TI3_SetConfig                      0x08003cc6   Section        0  stm32f4xx_hal_tim.o(i.TIM_TI3_SetConfig)
    TIM_TI3_SetConfig                        0x08003cc7   Thumb Code    56  stm32f4xx_hal_tim.o(i.TIM_TI3_SetConfig)
    i.TIM_TI4_SetConfig                      0x08003cfe   Section        0  stm32f4xx_hal_tim.o(i.TIM_TI4_SetConfig)
    TIM_TI4_SetConfig                        0x08003cff   Thumb Code    60  stm32f4xx_hal_tim.o(i.TIM_TI4_SetConfig)
    i.UART_DMAAbortOnError                   0x08003d3a   Section        0  stm32f4xx_hal_uart.o(i.UART_DMAAbortOnError)
    UART_DMAAbortOnError                     0x08003d3b   Thumb Code    18  stm32f4xx_hal_uart.o(i.UART_DMAAbortOnError)
    i.UART_DMAError                          0x08003d4c   Section        0  stm32f4xx_hal_uart.o(i.UART_DMAError)
    UART_DMAError                            0x08003d4d   Thumb Code    80  stm32f4xx_hal_uart.o(i.UART_DMAError)
    i.UART_DMAReceiveCplt                    0x08003d9c   Section        0  stm32f4xx_hal_uart.o(i.UART_DMAReceiveCplt)
    UART_DMAReceiveCplt                      0x08003d9d   Thumb Code   180  stm32f4xx_hal_uart.o(i.UART_DMAReceiveCplt)
    i.UART_DMARxHalfCplt                     0x08003e50   Section        0  stm32f4xx_hal_uart.o(i.UART_DMARxHalfCplt)
    UART_DMARxHalfCplt                       0x08003e51   Thumb Code    36  stm32f4xx_hal_uart.o(i.UART_DMARxHalfCplt)
    i.UART_EndRxTransfer                     0x08003e74   Section        0  stm32f4xx_hal_uart.o(i.UART_EndRxTransfer)
    UART_EndRxTransfer                       0x08003e75   Thumb Code   108  stm32f4xx_hal_uart.o(i.UART_EndRxTransfer)
    i.UART_EndTransmit_IT                    0x08003ee0   Section        0  stm32f4xx_hal_uart.o(i.UART_EndTransmit_IT)
    UART_EndTransmit_IT                      0x08003ee1   Thumb Code    32  stm32f4xx_hal_uart.o(i.UART_EndTransmit_IT)
    i.UART_EndTxTransfer                     0x08003f00   Section        0  stm32f4xx_hal_uart.o(i.UART_EndTxTransfer)
    UART_EndTxTransfer                       0x08003f01   Thumb Code    38  stm32f4xx_hal_uart.o(i.UART_EndTxTransfer)
    i.UART_Receive_IT                        0x08003f26   Section        0  stm32f4xx_hal_uart.o(i.UART_Receive_IT)
    UART_Receive_IT                          0x08003f27   Thumb Code   252  stm32f4xx_hal_uart.o(i.UART_Receive_IT)
    i.UART_SetConfig                         0x08004024   Section        0  stm32f4xx_hal_uart.o(i.UART_SetConfig)
    UART_SetConfig                           0x08004025   Thumb Code   546  stm32f4xx_hal_uart.o(i.UART_SetConfig)
    i.UART_Start_Receive_DMA                 0x08004250   Section        0  stm32f4xx_hal_uart.o(i.UART_Start_Receive_DMA)
    i.UART_Transmit_IT                       0x08004328   Section        0  stm32f4xx_hal_uart.o(i.UART_Transmit_IT)
    UART_Transmit_IT                         0x08004329   Thumb Code    96  stm32f4xx_hal_uart.o(i.UART_Transmit_IT)
    i.USART1_IRQHandler                      0x08004388   Section        0  stm32f4xx_it.o(i.USART1_IRQHandler)
    i.UsageFault_Handler                     0x08004398   Section        0  stm32f4xx_it.o(i.UsageFault_Handler)
    i.Watchdog_FeedHardware                  0x0800439c   Section        0  main.o(i.Watchdog_FeedHardware)
    i.Watchdog_Heartbeat                     0x080043ac   Section        0  main.o(i.Watchdog_Heartbeat)
    i.Watchdog_Init                          0x080043d8   Section        0  main.o(i.Watchdog_Init)
    i.__NVIC_GetPriorityGrouping             0x08004484   Section        0  stm32f4xx_hal_cortex.o(i.__NVIC_GetPriorityGrouping)
    __NVIC_GetPriorityGrouping               0x08004485   Thumb Code    10  stm32f4xx_hal_cortex.o(i.__NVIC_GetPriorityGrouping)
    i.__NVIC_SetPriority                     0x08004494   Section        0  stm32f4xx_hal_cortex.o(i.__NVIC_SetPriority)
    __NVIC_SetPriority                       0x08004495   Thumb Code    32  stm32f4xx_hal_cortex.o(i.__NVIC_SetPriority)
    i.__hardfp_fabs                          0x080044bc   Section        0  fabs.o(i.__hardfp_fabs)
    i.__scatterload_copy                     0x080044d0   Section       14  handlers.o(i.__scatterload_copy)
    i.__scatterload_null                     0x080044de   Section        2  handlers.o(i.__scatterload_null)
    i.__scatterload_zeroinit                 0x080044e0   Section       14  handlers.o(i.__scatterload_zeroinit)
    i.angleprocessing                        0x080044f0   Section        0  main.o(i.angleprocessing)
    i.check_jam                              0x08004584   Section        0  main.o(i.check_jam)
    i.fconstrain                             0x080046f0   Section        0  main.o(i.fconstrain)
    i.inHandlerMode                          0x0800471a   Section        0  cmsis_os.o(i.inHandlerMode)
    inHandlerMode                            0x0800471b   Thumb Code    16  cmsis_os.o(i.inHandlerMode)
    i.main                                   0x0800472c   Section        0  main.o(i.main)
    i.makeFreeRtosPriority                   0x080047b0   Section        0  cmsis_os.o(i.makeFreeRtosPriority)
    makeFreeRtosPriority                     0x080047b1   Thumb Code    14  cmsis_os.o(i.makeFreeRtosPriority)
    i.osDelay                                0x080047be   Section        0  cmsis_os.o(i.osDelay)
    i.osKernelStart                          0x080047d6   Section        0  cmsis_os.o(i.osKernelStart)
    i.osKernelSysTick                        0x080047e0   Section        0  cmsis_os.o(i.osKernelSysTick)
    i.osThreadCreate                         0x080047f4   Section        0  cmsis_os.o(i.osThreadCreate)
    i.prvAddCurrentTaskToDelayedList         0x08004854   Section        0  tasks.o(i.prvAddCurrentTaskToDelayedList)
    prvAddCurrentTaskToDelayedList           0x08004855   Thumb Code   124  tasks.o(i.prvAddCurrentTaskToDelayedList)
    i.prvAddNewTaskToReadyList               0x080048ec   Section        0  tasks.o(i.prvAddNewTaskToReadyList)
    prvAddNewTaskToReadyList                 0x080048ed   Thumb Code   150  tasks.o(i.prvAddNewTaskToReadyList)
    i.prvCheckTasksWaitingTermination        0x080049a0   Section        0  tasks.o(i.prvCheckTasksWaitingTermination)
    prvCheckTasksWaitingTermination          0x080049a1   Thumb Code    60  tasks.o(i.prvCheckTasksWaitingTermination)
    i.prvDeleteTCB                           0x080049e8   Section        0  tasks.o(i.prvDeleteTCB)
    prvDeleteTCB                             0x080049e9   Thumb Code    80  tasks.o(i.prvDeleteTCB)
    i.prvHeapInit                            0x08004a38   Section        0  heap_4.o(i.prvHeapInit)
    prvHeapInit                              0x08004a39   Thumb Code    98  heap_4.o(i.prvHeapInit)
    i.prvIdleTask                            0x08004ab4   Section        0  tasks.o(i.prvIdleTask)
    prvIdleTask                              0x08004ab5   Thumb Code    32  tasks.o(i.prvIdleTask)
    i.prvInitialiseNewTask                   0x08004adc   Section        0  tasks.o(i.prvInitialiseNewTask)
    prvInitialiseNewTask                     0x08004add   Thumb Code   180  tasks.o(i.prvInitialiseNewTask)
    i.prvInitialiseTaskLists                 0x08004b90   Section        0  tasks.o(i.prvInitialiseTaskLists)
    prvInitialiseTaskLists                   0x08004b91   Thumb Code    70  tasks.o(i.prvInitialiseTaskLists)
    i.prvInsertBlockIntoFreeList             0x08004bf8   Section        0  heap_4.o(i.prvInsertBlockIntoFreeList)
    prvInsertBlockIntoFreeList               0x08004bf9   Thumb Code    96  heap_4.o(i.prvInsertBlockIntoFreeList)
    i.prvResetNextTaskUnblockTime            0x08004c60   Section        0  tasks.o(i.prvResetNextTaskUnblockTime)
    prvResetNextTaskUnblockTime              0x08004c61   Thumb Code    42  tasks.o(i.prvResetNextTaskUnblockTime)
    i.prvTaskExitError                       0x08004c94   Section        0  port.o(i.prvTaskExitError)
    prvTaskExitError                         0x08004c95   Thumb Code    60  port.o(i.prvTaskExitError)
    i.pvPortMalloc                           0x08004cd4   Section        0  heap_4.o(i.pvPortMalloc)
    i.pxPortInitialiseStack                  0x08004e20   Section        0  port.o(i.pxPortInitialiseStack)
    i.send1_can_gm3508                       0x08004e4c   Section        0  main.o(i.send1_can_gm3508)
    i.send2_can_gm3508                       0x08004ee0   Section        0  main.o(i.send2_can_gm3508)
    i.send_can_gm6020                        0x08004f70   Section        0  main.o(i.send_can_gm6020)
    i.send_can_m2006                         0x080050c8   Section        0  main.o(i.send_can_m2006)
    i.uxListRemove                           0x080052c8   Section        0  list.o(i.uxListRemove)
    i.vApplicationGetIdleTaskMemory          0x080052f0   Section        0  freertos.o(i.vApplicationGetIdleTaskMemory)
    i.vListInitialise                        0x08005308   Section        0  list.o(i.vListInitialise)
    i.vListInitialiseItem                    0x08005322   Section        0  list.o(i.vListInitialiseItem)
    i.vListInsert                            0x08005328   Section        0  list.o(i.vListInsert)
    i.vListInsertEnd                         0x0800535c   Section        0  list.o(i.vListInsertEnd)
    i.vPortEnterCritical                     0x08005374   Section        0  port.o(i.vPortEnterCritical)
    i.vPortExitCritical                      0x080053c8   Section        0  port.o(i.vPortExitCritical)
    i.vPortFree                              0x08005404   Section        0  heap_4.o(i.vPortFree)
    i.vPortSetupTimerInterrupt               0x080054a8   Section        0  port.o(i.vPortSetupTimerInterrupt)
    i.vPortValidateInterruptPriority         0x080054d0   Section        0  port.o(i.vPortValidateInterruptPriority)
    i.vTaskDelay                             0x08005548   Section        0  tasks.o(i.vTaskDelay)
    i.vTaskStartScheduler                    0x080055a4   Section        0  tasks.o(i.vTaskStartScheduler)
    i.vTaskSuspendAll                        0x08005654   Section        0  tasks.o(i.vTaskSuspendAll)
    i.vTaskSwitchContext                     0x08005664   Section        0  tasks.o(i.vTaskSwitchContext)
    i.xPortStartScheduler                    0x080056f0   Section        0  port.o(i.xPortStartScheduler)
    i.xTaskCreate                            0x08005858   Section        0  tasks.o(i.xTaskCreate)
    i.xTaskCreateStatic                      0x080058bc   Section        0  tasks.o(i.xTaskCreateStatic)
    i.xTaskGetTickCount                      0x08005978   Section        0  tasks.o(i.xTaskGetTickCount)
    i.xTaskGetTickCountFromISR               0x08005984   Section        0  tasks.o(i.xTaskGetTickCountFromISR)
    i.xTaskIncrementTick                     0x08005998   Section        0  tasks.o(i.xTaskIncrementTick)
    i.xTaskResumeAll                         0x08005ae0   Section        0  tasks.o(i.xTaskResumeAll)
    .constdata                               0x08005be4   Section       28  main.o(.constdata)
    .constdata                               0x08005c00   Section      112  freertos.o(.constdata)
    .constdata                               0x08005c70   Section        8  stm32f4xx_hal_dma.o(.constdata)
    flagBitshiftOffset                       0x08005c70   Data           8  stm32f4xx_hal_dma.o(.constdata)
    .constdata                               0x08005c78   Section       24  system_stm32f4xx.o(.constdata)
    .conststring                             0x08005c90   Section       13  main.o(.conststring)
    .conststring                             0x08005ca0   Section       48  freertos.o(.conststring)
    .data                                    0x20000000   Section      525  main.o(.data)
    jam_detect_start                         0x20000208   Data           4  main.o(.data)
    jam_detected                             0x2000020c   Data           1  main.o(.data)
    .data                                    0x20000210   Section       16  freertos.o(.data)
    .data                                    0x20000220   Section        4  can.o(.data)
    HAL_RCC_CAN1_CLK_ENABLED                 0x20000220   Data           4  can.o(.data)
    .data                                    0x20000224   Section        9  stm32f4xx_hal.o(.data)
    .data                                    0x20000230   Section        4  system_stm32f4xx.o(.data)
    .data                                    0x20000234   Section       60  tasks.o(.data)
    pxDelayedTaskList                        0x20000238   Data           4  tasks.o(.data)
    pxOverflowDelayedTaskList                0x2000023c   Data           4  tasks.o(.data)
    uxDeletedTasksWaitingCleanUp             0x20000240   Data           4  tasks.o(.data)
    uxCurrentNumberOfTasks                   0x20000244   Data           4  tasks.o(.data)
    xTickCount                               0x20000248   Data           4  tasks.o(.data)
    uxTopReadyPriority                       0x2000024c   Data           4  tasks.o(.data)
    xSchedulerRunning                        0x20000250   Data           4  tasks.o(.data)
    xPendedTicks                             0x20000254   Data           4  tasks.o(.data)
    xYieldPending                            0x20000258   Data           4  tasks.o(.data)
    xNumOfOverflows                          0x2000025c   Data           4  tasks.o(.data)
    uxTaskNumber                             0x20000260   Data           4  tasks.o(.data)
    xNextTaskUnblockTime                     0x20000264   Data           4  tasks.o(.data)
    xIdleTaskHandle                          0x20000268   Data           4  tasks.o(.data)
    uxSchedulerSuspended                     0x2000026c   Data           4  tasks.o(.data)
    .data                                    0x20000270   Section       32  heap_4.o(.data)
    xStart                                   0x20000270   Data           8  heap_4.o(.data)
    pxEnd                                    0x20000278   Data           4  heap_4.o(.data)
    xFreeBytesRemaining                      0x2000027c   Data           4  heap_4.o(.data)
    xMinimumEverFreeBytesRemaining           0x20000280   Data           4  heap_4.o(.data)
    xNumberOfSuccessfulAllocations           0x20000284   Data           4  heap_4.o(.data)
    xNumberOfSuccessfulFrees                 0x20000288   Data           4  heap_4.o(.data)
    xBlockAllocatedBit                       0x2000028c   Data           4  heap_4.o(.data)
    .data                                    0x20000290   Section       12  port.o(.data)
    uxCriticalNesting                        0x20000290   Data           4  port.o(.data)
    ucMaxSysCallPriority                     0x20000294   Data           1  port.o(.data)
    ulMaxPRIGROUPValue                       0x20000298   Data           4  port.o(.data)
    .bss                                     0x2000029c   Section      120  main.o(.bss)
    task_monitors                            0x200002d8   Data          60  main.o(.bss)
    .bss                                     0x20000314   Section      596  freertos.o(.bss)
    xIdleTaskTCBBuffer                       0x20000314   Data          84  freertos.o(.bss)
    xIdleStack                               0x20000368   Data         512  freertos.o(.bss)
    .bss                                     0x20000568   Section       80  can.o(.bss)
    .bss                                     0x200005b8   Section       12  iwdg.o(.bss)
    .bss                                     0x200005c4   Section       72  tim.o(.bss)
    .bss                                     0x2000060c   Section      168  usart.o(.bss)
    .bss                                     0x200006b4   Section       72  stm32f4xx_hal_timebase_tim.o(.bss)
    .bss                                     0x200006fc   Section      240  tasks.o(.bss)
    pxReadyTasksLists                        0x200006fc   Data         140  tasks.o(.bss)
    xDelayedTaskList1                        0x20000788   Data          20  tasks.o(.bss)
    xDelayedTaskList2                        0x2000079c   Data          20  tasks.o(.bss)
    xPendingReadyList                        0x200007b0   Data          20  tasks.o(.bss)
    xTasksWaitingTermination                 0x200007c4   Data          20  tasks.o(.bss)
    xSuspendedTaskList                       0x200007d8   Data          20  tasks.o(.bss)
    .bss                                     0x200007ec   Section    15360  heap_4.o(.bss)
    ucHeap                                   0x200007ec   Data       15360  heap_4.o(.bss)
    STACK                                    0x200043f0   Section     1024  startup_stm32f407xx.o(STACK)

    Global Symbols

    Symbol Name                              Value     Ov Type        Size  Object(Section)

    BuildAttributes$$THM_ISAv4$E$P$D$K$B$S$7EM$VFPi3$EXTD16$VFPS$VFMA$PE$A:L22UL41UL21$X:L11$S22US41US21$IEEE1$IW$USESV6$~STKCKD$USESV7$~SHL$OTIME$ROPI$IEEEJ$EBA8$MICROLIB$REQ8$PRES8$EABIv2 0x00000000   Number         0  anon$$obj.o ABSOLUTE
    __ARM_use_no_argv                        0x00000000   Number         0  main.o ABSOLUTE
    __arm_fini_                               - Undefined Weak Reference
    __cpp_initialize__aeabi_                  - Undefined Weak Reference
    __cxa_finalize                            - Undefined Weak Reference
    _clock_init                               - Undefined Weak Reference
    _microlib_exit                            - Undefined Weak Reference
    __Vectors_Size                           0x00000188   Number         0  startup_stm32f407xx.o ABSOLUTE
    __Vectors                                0x08000000   Data           4  startup_stm32f407xx.o(RESET)
    __Vectors_End                            0x08000188   Data           0  startup_stm32f407xx.o(RESET)
    __main                                   0x08000189   Thumb Code     0  entry.o(.ARM.Collect$$$$00000000)
    _main_stk                                0x08000189   Thumb Code     0  entry2.o(.ARM.Collect$$$$00000001)
    _main_scatterload                        0x0800018d   Thumb Code     0  entry5.o(.ARM.Collect$$$$00000004)
    __main_after_scatterload                 0x08000191   Thumb Code     0  entry5.o(.ARM.Collect$$$$00000004)
    _main_clock                              0x08000191   Thumb Code     0  entry7b.o(.ARM.Collect$$$$00000008)
    _main_cpp_init                           0x08000191   Thumb Code     0  entry8b.o(.ARM.Collect$$$$0000000A)
    _main_init                               0x08000191   Thumb Code     0  entry9a.o(.ARM.Collect$$$$0000000B)
    __rt_lib_shutdown_fini                   0x08000199   Thumb Code     0  entry12b.o(.ARM.Collect$$$$0000000E)
    __rt_final_cpp                           0x0800019d   Thumb Code     0  entry10a.o(.ARM.Collect$$$$0000000F)
    __rt_final_exit                          0x0800019d   Thumb Code     0  entry11a.o(.ARM.Collect$$$$00000011)
    SVC_Handler                              0x080001a1   Thumb Code    28  port.o(.emb_text)
    __asm___6_port_c_39a90d8d__prvStartFirstTask 0x080001c1   Thumb Code    36  port.o(.emb_text)
    __asm___6_port_c_39a90d8d__prvEnableVFP  0x080001e9   Thumb Code    16  port.o(.emb_text)
    PendSV_Handler                           0x080001fd   Thumb Code    88  port.o(.emb_text)
    vPortGetIPSR                             0x08000259   Thumb Code     6  port.o(.emb_text)
    Reset_Handler                            0x08000261   Thumb Code     8  startup_stm32f407xx.o(.text)
    ADC_IRQHandler                           0x0800027b   Thumb Code     0  startup_stm32f407xx.o(.text)
    CAN2_SCE_IRQHandler                      0x0800027b   Thumb Code     0  startup_stm32f407xx.o(.text)
    DCMI_IRQHandler                          0x0800027b   Thumb Code     0  startup_stm32f407xx.o(.text)
    DMA1_Stream0_IRQHandler                  0x0800027b   Thumb Code     0  startup_stm32f407xx.o(.text)
    DMA1_Stream1_IRQHandler                  0x0800027b   Thumb Code     0  startup_stm32f407xx.o(.text)
    DMA1_Stream2_IRQHandler                  0x0800027b   Thumb Code     0  startup_stm32f407xx.o(.text)
    DMA1_Stream3_IRQHandler                  0x0800027b   Thumb Code     0  startup_stm32f407xx.o(.text)
    DMA1_Stream4_IRQHandler                  0x0800027b   Thumb Code     0  startup_stm32f407xx.o(.text)
    DMA1_Stream5_IRQHandler                  0x0800027b   Thumb Code     0  startup_stm32f407xx.o(.text)
    DMA1_Stream6_IRQHandler                  0x0800027b   Thumb Code     0  startup_stm32f407xx.o(.text)
    DMA1_Stream7_IRQHandler                  0x0800027b   Thumb Code     0  startup_stm32f407xx.o(.text)
    DMA2_Stream0_IRQHandler                  0x0800027b   Thumb Code     0  startup_stm32f407xx.o(.text)
    DMA2_Stream1_IRQHandler                  0x0800027b   Thumb Code     0  startup_stm32f407xx.o(.text)
    DMA2_Stream2_IRQHandler                  0x0800027b   Thumb Code     0  startup_stm32f407xx.o(.text)
    DMA2_Stream3_IRQHandler                  0x0800027b   Thumb Code     0  startup_stm32f407xx.o(.text)
    DMA2_Stream4_IRQHandler                  0x0800027b   Thumb Code     0  startup_stm32f407xx.o(.text)
    DMA2_Stream6_IRQHandler                  0x0800027b   Thumb Code     0  startup_stm32f407xx.o(.text)
    DMA2_Stream7_IRQHandler                  0x0800027b   Thumb Code     0  startup_stm32f407xx.o(.text)
    ETH_IRQHandler                           0x0800027b   Thumb Code     0  startup_stm32f407xx.o(.text)
    ETH_WKUP_IRQHandler                      0x0800027b   Thumb Code     0  startup_stm32f407xx.o(.text)
    EXTI0_IRQHandler                         0x0800027b   Thumb Code     0  startup_stm32f407xx.o(.text)
    EXTI15_10_IRQHandler                     0x0800027b   Thumb Code     0  startup_stm32f407xx.o(.text)
    EXTI1_IRQHandler                         0x0800027b   Thumb Code     0  startup_stm32f407xx.o(.text)
    EXTI2_IRQHandler                         0x0800027b   Thumb Code     0  startup_stm32f407xx.o(.text)
    EXTI3_IRQHandler                         0x0800027b   Thumb Code     0  startup_stm32f407xx.o(.text)
    EXTI4_IRQHandler                         0x0800027b   Thumb Code     0  startup_stm32f407xx.o(.text)
    EXTI9_5_IRQHandler                       0x0800027b   Thumb Code     0  startup_stm32f407xx.o(.text)
    FLASH_IRQHandler                         0x0800027b   Thumb Code     0  startup_stm32f407xx.o(.text)
    FMC_IRQHandler                           0x0800027b   Thumb Code     0  startup_stm32f407xx.o(.text)
    FPU_IRQHandler                           0x0800027b   Thumb Code     0  startup_stm32f407xx.o(.text)
    HASH_RNG_IRQHandler                      0x0800027b   Thumb Code     0  startup_stm32f407xx.o(.text)
    I2C1_ER_IRQHandler                       0x0800027b   Thumb Code     0  startup_stm32f407xx.o(.text)
    I2C1_EV_IRQHandler                       0x0800027b   Thumb Code     0  startup_stm32f407xx.o(.text)
    I2C2_ER_IRQHandler                       0x0800027b   Thumb Code     0  startup_stm32f407xx.o(.text)
    I2C2_EV_IRQHandler                       0x0800027b   Thumb Code     0  startup_stm32f407xx.o(.text)
    I2C3_ER_IRQHandler                       0x0800027b   Thumb Code     0  startup_stm32f407xx.o(.text)
    I2C3_EV_IRQHandler                       0x0800027b   Thumb Code     0  startup_stm32f407xx.o(.text)
    OTG_FS_IRQHandler                        0x0800027b   Thumb Code     0  startup_stm32f407xx.o(.text)
    OTG_FS_WKUP_IRQHandler                   0x0800027b   Thumb Code     0  startup_stm32f407xx.o(.text)
    OTG_HS_EP1_IN_IRQHandler                 0x0800027b   Thumb Code     0  startup_stm32f407xx.o(.text)
    OTG_HS_EP1_OUT_IRQHandler                0x0800027b   Thumb Code     0  startup_stm32f407xx.o(.text)
    OTG_HS_IRQHandler                        0x0800027b   Thumb Code     0  startup_stm32f407xx.o(.text)
    OTG_HS_WKUP_IRQHandler                   0x0800027b   Thumb Code     0  startup_stm32f407xx.o(.text)
    PVD_IRQHandler                           0x0800027b   Thumb Code     0  startup_stm32f407xx.o(.text)
    RTC_Alarm_IRQHandler                     0x0800027b   Thumb Code     0  startup_stm32f407xx.o(.text)
    RTC_WKUP_IRQHandler                      0x0800027b   Thumb Code     0  startup_stm32f407xx.o(.text)
    SDIO_IRQHandler                          0x0800027b   Thumb Code     0  startup_stm32f407xx.o(.text)
    SPI1_IRQHandler                          0x0800027b   Thumb Code     0  startup_stm32f407xx.o(.text)
    SPI2_IRQHandler                          0x0800027b   Thumb Code     0  startup_stm32f407xx.o(.text)
    SPI3_IRQHandler                          0x0800027b   Thumb Code     0  startup_stm32f407xx.o(.text)
    TAMP_STAMP_IRQHandler                    0x0800027b   Thumb Code     0  startup_stm32f407xx.o(.text)
    TIM1_BRK_TIM9_IRQHandler                 0x0800027b   Thumb Code     0  startup_stm32f407xx.o(.text)
    TIM1_CC_IRQHandler                       0x0800027b   Thumb Code     0  startup_stm32f407xx.o(.text)
    TIM1_TRG_COM_TIM11_IRQHandler            0x0800027b   Thumb Code     0  startup_stm32f407xx.o(.text)
    TIM2_IRQHandler                          0x0800027b   Thumb Code     0  startup_stm32f407xx.o(.text)
    TIM4_IRQHandler                          0x0800027b   Thumb Code     0  startup_stm32f407xx.o(.text)
    TIM5_IRQHandler                          0x0800027b   Thumb Code     0  startup_stm32f407xx.o(.text)
    TIM6_DAC_IRQHandler                      0x0800027b   Thumb Code     0  startup_stm32f407xx.o(.text)
    TIM7_IRQHandler                          0x0800027b   Thumb Code     0  startup_stm32f407xx.o(.text)
    TIM8_BRK_TIM12_IRQHandler                0x0800027b   Thumb Code     0  startup_stm32f407xx.o(.text)
    TIM8_CC_IRQHandler                       0x0800027b   Thumb Code     0  startup_stm32f407xx.o(.text)
    TIM8_TRG_COM_TIM14_IRQHandler            0x0800027b   Thumb Code     0  startup_stm32f407xx.o(.text)
    TIM8_UP_TIM13_IRQHandler                 0x0800027b   Thumb Code     0  startup_stm32f407xx.o(.text)
    UART4_IRQHandler                         0x0800027b   Thumb Code     0  startup_stm32f407xx.o(.text)
    UART5_IRQHandler                         0x0800027b   Thumb Code     0  startup_stm32f407xx.o(.text)
    USART2_IRQHandler                        0x0800027b   Thumb Code     0  startup_stm32f407xx.o(.text)
    USART3_IRQHandler                        0x0800027b   Thumb Code     0  startup_stm32f407xx.o(.text)
    USART6_IRQHandler                        0x0800027b   Thumb Code     0  startup_stm32f407xx.o(.text)
    WWDG_IRQHandler                          0x0800027b   Thumb Code     0  startup_stm32f407xx.o(.text)
    __aeabi_uldivmod                         0x08000285   Thumb Code    98  uldiv.o(.text)
    __aeabi_memcpy                           0x080002e7   Thumb Code    36  memcpya.o(.text)
    __aeabi_memcpy4                          0x080002e7   Thumb Code     0  memcpya.o(.text)
    __aeabi_memcpy8                          0x080002e7   Thumb Code     0  memcpya.o(.text)
    __aeabi_memset                           0x0800030b   Thumb Code    14  memseta.o(.text)
    __aeabi_memset4                          0x0800030b   Thumb Code     0  memseta.o(.text)
    __aeabi_memset8                          0x0800030b   Thumb Code     0  memseta.o(.text)
    __aeabi_memclr                           0x08000319   Thumb Code     4  memseta.o(.text)
    __aeabi_memclr4                          0x08000319   Thumb Code     0  memseta.o(.text)
    __aeabi_memclr8                          0x08000319   Thumb Code     0  memseta.o(.text)
    memset                                   0x0800031d   Thumb Code    18  memseta.o(.text)
    __aeabi_f2d                              0x0800032f   Thumb Code    38  f2d.o(.text)
    __aeabi_cdcmpeq                          0x08000355   Thumb Code     0  cdcmple.o(.text)
    __aeabi_cdcmple                          0x08000355   Thumb Code    48  cdcmple.o(.text)
    __aeabi_llsl                             0x08000385   Thumb Code    30  llshl.o(.text)
    _ll_shift_l                              0x08000385   Thumb Code     0  llshl.o(.text)
    __aeabi_llsr                             0x080003a3   Thumb Code    32  llushr.o(.text)
    _ll_ushift_r                             0x080003a3   Thumb Code     0  llushr.o(.text)
    __I$use$fp                               0x080003c3   Thumb Code     0  iusefp.o(.text)
    __scatterload                            0x080003c5   Thumb Code    28  init.o(.text)
    __scatterload_rt2                        0x080003c5   Thumb Code     0  init.o(.text)
    __decompress                             0x080003e9   Thumb Code     0  __dczerorl2.o(.text)
    __decompress1                            0x080003e9   Thumb Code    86  __dczerorl2.o(.text)
    BusFault_Handler                         0x0800043f   Thumb Code     4  stm32f4xx_it.o(i.BusFault_Handler)
    CAN1_RX0_IRQHandler                      0x08000445   Thumb Code    10  stm32f4xx_it.o(i.CAN1_RX0_IRQHandler)
    CAN1_RX1_IRQHandler                      0x08000455   Thumb Code    10  stm32f4xx_it.o(i.CAN1_RX1_IRQHandler)
    CAN1_SCE_IRQHandler                      0x08000465   Thumb Code    10  stm32f4xx_it.o(i.CAN1_SCE_IRQHandler)
    CAN1_TX_IRQHandler                       0x08000475   Thumb Code    10  stm32f4xx_it.o(i.CAN1_TX_IRQHandler)
    CAN2_RX0_IRQHandler                      0x08000485   Thumb Code    10  stm32f4xx_it.o(i.CAN2_RX0_IRQHandler)
    CAN2_RX1_IRQHandler                      0x08000495   Thumb Code    10  stm32f4xx_it.o(i.CAN2_RX1_IRQHandler)
    CAN2_TX_IRQHandler                       0x080004a5   Thumb Code    10  stm32f4xx_it.o(i.CAN2_TX_IRQHandler)
    CAN_Filter_Init                          0x080004b5   Thumb Code   120  main.o(i.CAN_Filter_Init)
    Can_SendMsg                              0x08000535   Thumb Code    84  main.o(i.Can_SendMsg)
    DBUS_Ch0_Map_to_GM6020_Angle             0x08000589   Thumb Code    86  main.o(i.DBUS_Ch0_Map_to_GM6020_Angle)
    DBUS_ParseData                           0x080005ed   Thumb Code   172  main.o(i.DBUS_ParseData)
    DMA2_Stream5_IRQHandler                  0x080006a5   Thumb Code    10  stm32f4xx_it.o(i.DMA2_Stream5_IRQHandler)
    DebugMon_Handler                         0x080007bf   Thumb Code     2  stm32f4xx_it.o(i.DebugMon_Handler)
    Error_Handler                            0x080007c1   Thumb Code     6  main.o(i.Error_Handler)
    FeedforwardController                    0x080007c9   Thumb Code   154  main.o(i.FeedforwardController)
    HAL_CAN_ActivateNotification             0x08000869   Thumb Code    42  stm32f4xx_hal_can.o(i.HAL_CAN_ActivateNotification)
    HAL_CAN_AddTxMessage                     0x08000893   Thumb Code   330  stm32f4xx_hal_can.o(i.HAL_CAN_AddTxMessage)
    HAL_CAN_ConfigFilter                     0x080009dd   Thumb Code   284  stm32f4xx_hal_can.o(i.HAL_CAN_ConfigFilter)
    HAL_CAN_ErrorCallback                    0x08000afd   Thumb Code     2  stm32f4xx_hal_can.o(i.HAL_CAN_ErrorCallback)
    HAL_CAN_GetRxMessage                     0x08000aff   Thumb Code   404  stm32f4xx_hal_can.o(i.HAL_CAN_GetRxMessage)
    HAL_CAN_IRQHandler                       0x08000c93   Thumb Code   590  stm32f4xx_hal_can.o(i.HAL_CAN_IRQHandler)
    HAL_CAN_Init                             0x08000ee1   Thumb Code   372  stm32f4xx_hal_can.o(i.HAL_CAN_Init)
    HAL_CAN_MspInit                          0x08001055   Thumb Code   410  can.o(i.HAL_CAN_MspInit)
    HAL_CAN_RxFifo0FullCallback              0x08001209   Thumb Code     2  stm32f4xx_hal_can.o(i.HAL_CAN_RxFifo0FullCallback)
    HAL_CAN_RxFifo0MsgPendingCallback        0x0800120d   Thumb Code   162  main.o(i.HAL_CAN_RxFifo0MsgPendingCallback)
    HAL_CAN_RxFifo1FullCallback              0x080012c5   Thumb Code     2  stm32f4xx_hal_can.o(i.HAL_CAN_RxFifo1FullCallback)
    HAL_CAN_RxFifo1MsgPendingCallback        0x080012c9   Thumb Code   154  main.o(i.HAL_CAN_RxFifo1MsgPendingCallback)
    HAL_CAN_SleepCallback                    0x08001379   Thumb Code     2  stm32f4xx_hal_can.o(i.HAL_CAN_SleepCallback)
    HAL_CAN_Start                            0x0800137b   Thumb Code    94  stm32f4xx_hal_can.o(i.HAL_CAN_Start)
    HAL_CAN_TxMailbox0AbortCallback          0x080013d9   Thumb Code     2  stm32f4xx_hal_can.o(i.HAL_CAN_TxMailbox0AbortCallback)
    HAL_CAN_TxMailbox0CompleteCallback       0x080013db   Thumb Code     2  stm32f4xx_hal_can.o(i.HAL_CAN_TxMailbox0CompleteCallback)
    HAL_CAN_TxMailbox1AbortCallback          0x080013dd   Thumb Code     2  stm32f4xx_hal_can.o(i.HAL_CAN_TxMailbox1AbortCallback)
    HAL_CAN_TxMailbox1CompleteCallback       0x080013df   Thumb Code     2  stm32f4xx_hal_can.o(i.HAL_CAN_TxMailbox1CompleteCallback)
    HAL_CAN_TxMailbox2AbortCallback          0x080013e1   Thumb Code     2  stm32f4xx_hal_can.o(i.HAL_CAN_TxMailbox2AbortCallback)
    HAL_CAN_TxMailbox2CompleteCallback       0x080013e3   Thumb Code     2  stm32f4xx_hal_can.o(i.HAL_CAN_TxMailbox2CompleteCallback)
    HAL_CAN_WakeUpFromRxMsgCallback          0x080013e5   Thumb Code     2  stm32f4xx_hal_can.o(i.HAL_CAN_WakeUpFromRxMsgCallback)
    HAL_DMA_Abort                            0x080013e7   Thumb Code   172  stm32f4xx_hal_dma.o(i.HAL_DMA_Abort)
    HAL_DMA_Abort_IT                         0x08001493   Thumb Code    40  stm32f4xx_hal_dma.o(i.HAL_DMA_Abort_IT)
    HAL_DMA_IRQHandler                       0x080014bd   Thumb Code   570  stm32f4xx_hal_dma.o(i.HAL_DMA_IRQHandler)
    HAL_DMA_Init                             0x080016fd   Thumb Code   232  stm32f4xx_hal_dma.o(i.HAL_DMA_Init)
    HAL_DMA_Start_IT                         0x080017e9   Thumb Code   146  stm32f4xx_hal_dma.o(i.HAL_DMA_Start_IT)
    HAL_GPIO_Init                            0x0800187d   Thumb Code   454  stm32f4xx_hal_gpio.o(i.HAL_GPIO_Init)
    HAL_GetTick                              0x08001a71   Thumb Code     6  stm32f4xx_hal.o(i.HAL_GetTick)
    HAL_IWDG_Init                            0x08001a7d   Thumb Code    98  stm32f4xx_hal_iwdg.o(i.HAL_IWDG_Init)
    HAL_IWDG_Refresh                         0x08001adf   Thumb Code    14  stm32f4xx_hal_iwdg.o(i.HAL_IWDG_Refresh)
    HAL_IncTick                              0x08001aed   Thumb Code    16  stm32f4xx_hal.o(i.HAL_IncTick)
    HAL_Init                                 0x08001b05   Thumb Code    54  stm32f4xx_hal.o(i.HAL_Init)
    HAL_InitTick                             0x08001b41   Thumb Code   140  stm32f4xx_hal_timebase_tim.o(i.HAL_InitTick)
    HAL_MspInit                              0x08001be1   Thumb Code    94  stm32f4xx_hal_msp.o(i.HAL_MspInit)
    HAL_NVIC_EnableIRQ                       0x08001c45   Thumb Code    40  stm32f4xx_hal_cortex.o(i.HAL_NVIC_EnableIRQ)
    HAL_NVIC_SetPriority                     0x08001c6d   Thumb Code   124  stm32f4xx_hal_cortex.o(i.HAL_NVIC_SetPriority)
    HAL_NVIC_SetPriorityGrouping             0x08001ce9   Thumb Code    32  stm32f4xx_hal_cortex.o(i.HAL_NVIC_SetPriorityGrouping)
    HAL_RCC_ClockConfig                      0x08001d11   Thumb Code   368  stm32f4xx_hal_rcc.o(i.HAL_RCC_ClockConfig)
    HAL_RCC_GetClockConfig                   0x08001e95   Thumb Code    58  stm32f4xx_hal_rcc.o(i.HAL_RCC_GetClockConfig)
    HAL_RCC_GetHCLKFreq                      0x08001ed9   Thumb Code     6  stm32f4xx_hal_rcc.o(i.HAL_RCC_GetHCLKFreq)
    HAL_RCC_GetPCLK1Freq                     0x08001ee5   Thumb Code    22  stm32f4xx_hal_rcc.o(i.HAL_RCC_GetPCLK1Freq)
    HAL_RCC_GetPCLK2Freq                     0x08001f05   Thumb Code    22  stm32f4xx_hal_rcc.o(i.HAL_RCC_GetPCLK2Freq)
    HAL_RCC_GetSysClockFreq                  0x08001f25   Thumb Code   162  stm32f4xx_hal_rcc.o(i.HAL_RCC_GetSysClockFreq)
    HAL_RCC_OscConfig                        0x08001fd5   Thumb Code  1172  stm32f4xx_hal_rcc.o(i.HAL_RCC_OscConfig)
    HAL_TIMEx_BreakCallback                  0x08002471   Thumb Code     2  stm32f4xx_hal_tim_ex.o(i.HAL_TIMEx_BreakCallback)
    HAL_TIMEx_CommutCallback                 0x08002473   Thumb Code     2  stm32f4xx_hal_tim_ex.o(i.HAL_TIMEx_CommutCallback)
    HAL_TIMEx_MasterConfigSynchronization    0x08002475   Thumb Code   150  stm32f4xx_hal_tim_ex.o(i.HAL_TIMEx_MasterConfigSynchronization)
    HAL_TIM_Base_Init                        0x08002529   Thumb Code   102  stm32f4xx_hal_tim.o(i.HAL_TIM_Base_Init)
    HAL_TIM_Base_MspInit                     0x08002591   Thumb Code   136  tim.o(i.HAL_TIM_Base_MspInit)
    HAL_TIM_Base_Start_IT                    0x08002625   Thumb Code   138  stm32f4xx_hal_tim.o(i.HAL_TIM_Base_Start_IT)
    HAL_TIM_ConfigClockSource                0x080026cd   Thumb Code   268  stm32f4xx_hal_tim.o(i.HAL_TIM_ConfigClockSource)
    HAL_TIM_IC_CaptureCallback               0x080027d9   Thumb Code     2  stm32f4xx_hal_tim.o(i.HAL_TIM_IC_CaptureCallback)
    HAL_TIM_IC_ConfigChannel                 0x080027db   Thumb Code   222  stm32f4xx_hal_tim.o(i.HAL_TIM_IC_ConfigChannel)
    HAL_TIM_IC_Init                          0x080028b9   Thumb Code   102  stm32f4xx_hal_tim.o(i.HAL_TIM_IC_Init)
    HAL_TIM_IC_MspInit                       0x0800291f   Thumb Code     2  stm32f4xx_hal_tim.o(i.HAL_TIM_IC_MspInit)
    HAL_TIM_IRQHandler                       0x08002921   Thumb Code   364  stm32f4xx_hal_tim.o(i.HAL_TIM_IRQHandler)
    HAL_TIM_OC_DelayElapsedCallback          0x08002a8d   Thumb Code     2  stm32f4xx_hal_tim.o(i.HAL_TIM_OC_DelayElapsedCallback)
    HAL_TIM_PWM_PulseFinishedCallback        0x08002a8f   Thumb Code     2  stm32f4xx_hal_tim.o(i.HAL_TIM_PWM_PulseFinishedCallback)
    HAL_TIM_PeriodElapsedCallback            0x08002a91   Thumb Code    18  main.o(i.HAL_TIM_PeriodElapsedCallback)
    HAL_TIM_TriggerCallback                  0x08002aa9   Thumb Code     2  stm32f4xx_hal_tim.o(i.HAL_TIM_TriggerCallback)
    HAL_UARTEx_ReceiveToIdle_DMA             0x08002aab   Thumb Code   112  stm32f4xx_hal_uart.o(i.HAL_UARTEx_ReceiveToIdle_DMA)
    HAL_UARTEx_RxEventCallback               0x08002b1d   Thumb Code    44  main.o(i.HAL_UARTEx_RxEventCallback)
    HAL_UART_ErrorCallback                   0x08002b59   Thumb Code    16  main.o(i.HAL_UART_ErrorCallback)
    HAL_UART_IRQHandler                      0x08002b71   Thumb Code   772  stm32f4xx_hal_uart.o(i.HAL_UART_IRQHandler)
    HAL_UART_Init                            0x08002e79   Thumb Code   118  stm32f4xx_hal_uart.o(i.HAL_UART_Init)
    HAL_UART_MspInit                         0x08002ef1   Thumb Code   204  usart.o(i.HAL_UART_MspInit)
    HAL_UART_RxCpltCallback                  0x08002fd1   Thumb Code     2  stm32f4xx_hal_uart.o(i.HAL_UART_RxCpltCallback)
    HAL_UART_RxHalfCpltCallback              0x08002fd3   Thumb Code     2  stm32f4xx_hal_uart.o(i.HAL_UART_RxHalfCpltCallback)
    HAL_UART_TxCpltCallback                  0x08002fd5   Thumb Code     2  stm32f4xx_hal_uart.o(i.HAL_UART_TxCpltCallback)
    HardFault_Handler                        0x08002fd7   Thumb Code     4  stm32f4xx_it.o(i.HardFault_Handler)
    M2006init                                0x08002fdd   Thumb Code    10  main.o(i.M2006init)
    MX_CAN1_Init                             0x08002ff1   Thumb Code    58  can.o(i.MX_CAN1_Init)
    MX_CAN2_Init                             0x08003035   Thumb Code    58  can.o(i.MX_CAN2_Init)
    MX_DMA_Init                              0x08003079   Thumb Code    52  dma.o(i.MX_DMA_Init)
    MX_FREERTOS_Init                         0x080030b1   Thumb Code   102  freertos.o(i.MX_FREERTOS_Init)
    MX_GPIO_Init                             0x0800312d   Thumb Code   126  gpio.o(i.MX_GPIO_Init)
    MX_IWDG_Init                             0x080031b1   Thumb Code    32  iwdg.o(i.MX_IWDG_Init)
    MX_TIM3_Init                             0x080031d9   Thumb Code   152  tim.o(i.MX_TIM3_Init)
    MX_USART1_UART_Init                      0x08003279   Thumb Code    52  usart.o(i.MX_USART1_UART_Init)
    MemManage_Handler                        0x080032b9   Thumb Code     4  stm32f4xx_it.o(i.MemManage_Handler)
    NMI_Handler                              0x080032bd   Thumb Code     4  stm32f4xx_it.o(i.NMI_Handler)
    PID_Compute_add                          0x080032c1   Thumb Code   358  main.o(i.PID_Compute_add)
    PID_Compute_full                         0x08003449   Thumb Code   504  main.o(i.PID_Compute_full)
    PID_Compute_local                        0x08003669   Thumb Code   474  main.o(i.PID_Compute_local)
    RCC_IRQHandler                           0x0800386d   Thumb Code     2  stm32f4xx_it.o(i.RCC_IRQHandler)
    StartDefaultTask                         0x0800386f   Thumb Code    16  freertos.o(i.StartDefaultTask)
    StartRCWatchdogTask                      0x08003881   Thumb Code    54  main.o(i.StartRCWatchdogTask)
    StartTask02                              0x080038c1   Thumb Code    24  freertos.o(i.StartTask02)
    StartTask03                              0x080038d9   Thumb Code    36  freertos.o(i.StartTask03)
    StartTask04                              0x080038fd   Thumb Code    14  freertos.o(i.StartTask04)
    StartWatchdogTask                        0x0800390d   Thumb Code   110  main.o(i.StartWatchdogTask)
    SysTick_Handler                          0x08003981   Thumb Code    46  port.o(i.SysTick_Handler)
    SystemClock_Config                       0x080039b5   Thumb Code   178  main.o(i.SystemClock_Config)
    SystemInit                               0x08003a71   Thumb Code    14  system_stm32f4xx.o(i.SystemInit)
    TIM1_UP_TIM10_IRQHandler                 0x08003a85   Thumb Code    10  stm32f4xx_it.o(i.TIM1_UP_TIM10_IRQHandler)
    TIM3_IRQHandler                          0x08003a95   Thumb Code    10  stm32f4xx_it.o(i.TIM3_IRQHandler)
    TIM_Base_SetConfig                       0x08003aa5   Thumb Code   178  stm32f4xx_hal_tim.o(i.TIM_Base_SetConfig)
    TIM_ETR_SetConfig                        0x08003b85   Thumb Code    22  stm32f4xx_hal_tim.o(i.TIM_ETR_SetConfig)
    TIM_TI1_SetConfig                        0x08003bd5   Thumb Code   114  stm32f4xx_hal_tim.o(i.TIM_TI1_SetConfig)
    UART_Start_Receive_DMA                   0x08004251   Thumb Code   202  stm32f4xx_hal_uart.o(i.UART_Start_Receive_DMA)
    USART1_IRQHandler                        0x08004389   Thumb Code    10  stm32f4xx_it.o(i.USART1_IRQHandler)
    UsageFault_Handler                       0x08004399   Thumb Code     4  stm32f4xx_it.o(i.UsageFault_Handler)
    Watchdog_FeedHardware                    0x0800439d   Thumb Code    10  main.o(i.Watchdog_FeedHardware)
    Watchdog_Heartbeat                       0x080043ad   Thumb Code    40  main.o(i.Watchdog_Heartbeat)
    Watchdog_Init                            0x080043d9   Thumb Code   140  main.o(i.Watchdog_Init)
    __hardfp_fabs                            0x080044bd   Thumb Code    20  fabs.o(i.__hardfp_fabs)
    __scatterload_copy                       0x080044d1   Thumb Code    14  handlers.o(i.__scatterload_copy)
    __scatterload_null                       0x080044df   Thumb Code     2  handlers.o(i.__scatterload_null)
    __scatterload_zeroinit                   0x080044e1   Thumb Code    14  handlers.o(i.__scatterload_zeroinit)
    angleprocessing                          0x080044f1   Thumb Code   122  main.o(i.angleprocessing)
    check_jam                                0x08004585   Thumb Code   318  main.o(i.check_jam)
    fconstrain                               0x080046f1   Thumb Code    42  main.o(i.fconstrain)
    main                                     0x0800472d   Thumb Code   110  main.o(i.main)
    osDelay                                  0x080047bf   Thumb Code    24  cmsis_os.o(i.osDelay)
    osKernelStart                            0x080047d7   Thumb Code    10  cmsis_os.o(i.osKernelStart)
    osKernelSysTick                          0x080047e1   Thumb Code    20  cmsis_os.o(i.osKernelSysTick)
    osThreadCreate                           0x080047f5   Thumb Code    94  cmsis_os.o(i.osThreadCreate)
    pvPortMalloc                             0x08004cd5   Thumb Code   306  heap_4.o(i.pvPortMalloc)
    pxPortInitialiseStack                    0x08004e21   Thumb Code    38  port.o(i.pxPortInitialiseStack)
    send1_can_gm3508                         0x08004e4d   Thumb Code   126  main.o(i.send1_can_gm3508)
    send2_can_gm3508                         0x08004ee1   Thumb Code   124  main.o(i.send2_can_gm3508)
    send_can_gm6020                          0x08004f71   Thumb Code   308  main.o(i.send_can_gm6020)
    send_can_m2006                           0x080050c9   Thumb Code   454  main.o(i.send_can_m2006)
    uxListRemove                             0x080052c9   Thumb Code    40  list.o(i.uxListRemove)
    vApplicationGetIdleTaskMemory            0x080052f1   Thumb Code    14  freertos.o(i.vApplicationGetIdleTaskMemory)
    vListInitialise                          0x08005309   Thumb Code    26  list.o(i.vListInitialise)
    vListInitialiseItem                      0x08005323   Thumb Code     6  list.o(i.vListInitialiseItem)
    vListInsert                              0x08005329   Thumb Code    52  list.o(i.vListInsert)
    vListInsertEnd                           0x0800535d   Thumb Code    24  list.o(i.vListInsertEnd)
    vPortEnterCritical                       0x08005375   Thumb Code    76  port.o(i.vPortEnterCritical)
    vPortExitCritical                        0x080053c9   Thumb Code    56  port.o(i.vPortExitCritical)
    vPortFree                                0x08005405   Thumb Code   150  heap_4.o(i.vPortFree)
    vPortSetupTimerInterrupt                 0x080054a9   Thumb Code    36  port.o(i.vPortSetupTimerInterrupt)
    vPortValidateInterruptPriority           0x080054d1   Thumb Code   106  port.o(i.vPortValidateInterruptPriority)
    vTaskDelay                               0x08005549   Thumb Code    82  tasks.o(i.vTaskDelay)
    vTaskStartScheduler                      0x080055a5   Thumb Code   146  tasks.o(i.vTaskStartScheduler)
    vTaskSuspendAll                          0x08005655   Thumb Code    12  tasks.o(i.vTaskSuspendAll)
    vTaskSwitchContext                       0x08005665   Thumb Code   118  tasks.o(i.vTaskSwitchContext)
    xPortStartScheduler                      0x080056f1   Thumb Code   330  port.o(i.xPortStartScheduler)
    xTaskCreate                              0x08005859   Thumb Code   100  tasks.o(i.xTaskCreate)
    xTaskCreateStatic                        0x080058bd   Thumb Code   186  tasks.o(i.xTaskCreateStatic)
    xTaskGetTickCount                        0x08005979   Thumb Code     6  tasks.o(i.xTaskGetTickCount)
    xTaskGetTickCountFromISR                 0x08005985   Thumb Code    16  tasks.o(i.xTaskGetTickCountFromISR)
    xTaskIncrementTick                       0x08005999   Thumb Code   282  tasks.o(i.xTaskIncrementTick)
    xTaskResumeAll                           0x08005ae1   Thumb Code   224  tasks.o(i.xTaskResumeAll)
    AHBPrescTable                            0x08005c78   Data          16  system_stm32f4xx.o(.constdata)
    APBPrescTable                            0x08005c88   Data           8  system_stm32f4xx.o(.constdata)
    Region$$Table$$Base                      0x08005cd0   Number         0  anon$$obj.o(Region$$Table)
    Region$$Table$$Limit                     0x08005cf0   Number         0  anon$$obj.o(Region$$Table)
    recept1                                  0x20000000   Data           8  main.o(.data)
    recept2                                  0x20000008   Data           8  main.o(.data)
    recept3                                  0x20000010   Data           8  main.o(.data)
    output_gm6020                            0x20000018   Data           2  main.o(.data)
    output_m2006                             0x2000001a   Data           2  main.o(.data)
    rx_data                                  0x2000001c   Data           8  main.o(.data)
    send_data                                0x20000024   Data           8  main.o(.data)
    rx_data2                                 0x2000002c   Data           8  main.o(.data)
    g_dbus_mouse                             0x20000034   Data           8  main.o(.data)
    g_dbus_key                               0x2000003c   Data           2  main.o(.data)
    gm6020_current_target_angle              0x2000003e   Data           2  main.o(.data)
    rc_last_heartbeat                        0x20000040   Data           4  main.o(.data)
    rc_online_flag                           0x20000044   Data           1  main.o(.data)
    g_dbus_idx                               0x20000045   Data           1  main.o(.data)
    m2006_target_speed                       0x20000046   Data           2  main.o(.data)
    m2006_max_speed                          0x20000048   Data           2  main.o(.data)
    m2006_direction                          0x2000004a   Data           1  main.o(.data)
    pid_controller                           0x2000004c   Data          72  main.o(.data)
    angle_pid_controller                     0x20000094   Data          72  main.o(.data)
    current_pid                              0x200000dc   Data          72  main.o(.data)
    pid_controller_m2006                     0x20000124   Data          72  main.o(.data)
    current_pid_m2006                        0x2000016c   Data          72  main.o(.data)
    mode                                     0x200001b4   Data           2  main.o(.data)
    send                                     0x200001b6   Data           8  main.o(.data)
    send2                                    0x200001be   Data           8  main.o(.data)
    send3                                    0x200001c6   Data           8  main.o(.data)
    send4                                    0x200001ce   Data           8  main.o(.data)
    motor_state                              0x200001d6   Data           1  main.o(.data)
    start_time                               0x200001d8   Data           4  main.o(.data)
    back_angle                               0x200001dc   Data           4  main.o(.data)
    reangle                                  0x200001e0   Data           4  main.o(.data)
    raw_speed                                0x200001e4   Data           4  main.o(.data)
    current_position                         0x200001e8   Data           4  main.o(.data)
    start_position                           0x200001ec   Data           4  main.o(.data)
    jam_recount                              0x200001f0   Data           1  main.o(.data)
    max                                      0x200001f1   Data           1  main.o(.data)
    m2006_filtered_speed                     0x200001f4   Data           4  main.o(.data)
    error                                    0x200001f8   Data           4  main.o(.data)
    output                                   0x200001fc   Data           4  main.o(.data)
    angle_continuous                         0x20000200   Data           4  main.o(.data)
    pre_angle                                0x20000204   Data           4  main.o(.data)
    defaultTaskHandle                        0x20000210   Data           4  freertos.o(.data)
    myTask02Handle                           0x20000214   Data           4  freertos.o(.data)
    myTask03Handle                           0x20000218   Data           4  freertos.o(.data)
    myTask04Handle                           0x2000021c   Data           4  freertos.o(.data)
    uwTick                                   0x20000224   Data           4  stm32f4xx_hal.o(.data)
    uwTickPrio                               0x20000228   Data           4  stm32f4xx_hal.o(.data)
    uwTickFreq                               0x2000022c   Data           1  stm32f4xx_hal.o(.data)
    SystemCoreClock                          0x20000230   Data           4  system_stm32f4xx.o(.data)
    pxCurrentTCB                             0x20000234   Data           4  tasks.o(.data)
    RxMsg                                    0x2000029c   Data          28  main.o(.bss)
    g_dbus_rc                                0x200002b8   Data          12  main.o(.bss)
    g_dbus_rx_buf                            0x200002c4   Data          18  main.o(.bss)
    hcan1                                    0x20000568   Data          40  can.o(.bss)
    hcan2                                    0x20000590   Data          40  can.o(.bss)
    hiwdg                                    0x200005b8   Data          12  iwdg.o(.bss)
    htim3                                    0x200005c4   Data          72  tim.o(.bss)
    huart1                                   0x2000060c   Data          72  usart.o(.bss)
    hdma_usart1_rx                           0x20000654   Data          96  usart.o(.bss)
    htim1                                    0x200006b4   Data          72  stm32f4xx_hal_timebase_tim.o(.bss)
    __initial_sp                             0x200047f0   Data           0  startup_stm32f407xx.o(STACK)



==============================================================================

Memory Map of the image

  Image Entry point : 0x08000189

  Load Region LR_IROM1 (Base: 0x08000000, Size: 0x00005f8c, Max: 0x00100000, ABSOLUTE, COMPRESSED[0x00005d70])

    Execution Region ER_IROM1 (Exec base: 0x08000000, Load base: 0x08000000, Size: 0x00005cf0, Max: 0x00100000, ABSOLUTE)

    Exec Addr    Load Addr    Size         Type   Attr      Idx    E Section Name        Object

    0x08000000   0x08000000   0x00000188   Data   RO            3    RESET               startup_stm32f407xx.o
    0x08000188   0x08000188   0x00000000   Code   RO         5067  * .ARM.Collect$$$$00000000  mc_w.l(entry.o)
    0x08000188   0x08000188   0x00000004   Code   RO         5084    .ARM.Collect$$$$00000001  mc_w.l(entry2.o)
    0x0800018c   0x0800018c   0x00000004   Code   RO         5087    .ARM.Collect$$$$00000004  mc_w.l(entry5.o)
    0x08000190   0x08000190   0x00000000   Code   RO         5089    .ARM.Collect$$$$00000008  mc_w.l(entry7b.o)
    0x08000190   0x08000190   0x00000000   Code   RO         5091    .ARM.Collect$$$$0000000A  mc_w.l(entry8b.o)
    0x08000190   0x08000190   0x00000008   Code   RO         5092    .ARM.Collect$$$$0000000B  mc_w.l(entry9a.o)
    0x08000198   0x08000198   0x00000004   Code   RO         5099    .ARM.Collect$$$$0000000E  mc_w.l(entry12b.o)
    0x0800019c   0x0800019c   0x00000000   Code   RO         5094    .ARM.Collect$$$$0000000F  mc_w.l(entry10a.o)
    0x0800019c   0x0800019c   0x00000000   Code   RO         5096    .ARM.Collect$$$$00000011  mc_w.l(entry11a.o)
    0x0800019c   0x0800019c   0x00000004   Code   RO         5085    .ARM.Collect$$$$00002712  mc_w.l(entry2.o)
    0x080001a0   0x080001a0   0x000000be   Code   RO         4984    .emb_text           port.o
    0x0800025e   0x0800025e   0x00000002   PAD
    0x08000260   0x08000260   0x00000024   Code   RO            4    .text               startup_stm32f407xx.o
    0x08000284   0x08000284   0x00000062   Code   RO         5070    .text               mc_w.l(uldiv.o)
    0x080002e6   0x080002e6   0x00000024   Code   RO         5072    .text               mc_w.l(memcpya.o)
    0x0800030a   0x0800030a   0x00000024   Code   RO         5076    .text               mc_w.l(memseta.o)
    0x0800032e   0x0800032e   0x00000026   Code   RO         5080    .text               mf_w.l(f2d.o)
    0x08000354   0x08000354   0x00000030   Code   RO         5082    .text               mf_w.l(cdcmple.o)
    0x08000384   0x08000384   0x0000001e   Code   RO         5100    .text               mc_w.l(llshl.o)
    0x080003a2   0x080003a2   0x00000020   Code   RO         5102    .text               mc_w.l(llushr.o)
    0x080003c2   0x080003c2   0x00000000   Code   RO         5104    .text               mc_w.l(iusefp.o)
    0x080003c2   0x080003c2   0x00000002   PAD
    0x080003c4   0x080003c4   0x00000024   Code   RO         5105    .text               mc_w.l(init.o)
    0x080003e8   0x080003e8   0x00000056   Code   RO         5115    .text               mc_w.l(__dczerorl2.o)
    0x0800043e   0x0800043e   0x00000004   Code   RO          695    i.BusFault_Handler  stm32f4xx_it.o
    0x08000442   0x08000442   0x00000002   PAD
    0x08000444   0x08000444   0x00000010   Code   RO          696    i.CAN1_RX0_IRQHandler  stm32f4xx_it.o
    0x08000454   0x08000454   0x00000010   Code   RO          697    i.CAN1_RX1_IRQHandler  stm32f4xx_it.o
    0x08000464   0x08000464   0x00000010   Code   RO          698    i.CAN1_SCE_IRQHandler  stm32f4xx_it.o
    0x08000474   0x08000474   0x00000010   Code   RO          699    i.CAN1_TX_IRQHandler  stm32f4xx_it.o
    0x08000484   0x08000484   0x00000010   Code   RO          700    i.CAN2_RX0_IRQHandler  stm32f4xx_it.o
    0x08000494   0x08000494   0x00000010   Code   RO          701    i.CAN2_RX1_IRQHandler  stm32f4xx_it.o
    0x080004a4   0x080004a4   0x00000010   Code   RO          702    i.CAN2_TX_IRQHandler  stm32f4xx_it.o
    0x080004b4   0x080004b4   0x00000080   Code   RO           13    i.CAN_Filter_Init   main.o
    0x08000534   0x08000534   0x00000054   Code   RO           14    i.Can_SendMsg       main.o
    0x08000588   0x08000588   0x00000064   Code   RO           15    i.DBUS_Ch0_Map_to_GM6020_Angle  main.o
    0x080005ec   0x080005ec   0x000000b8   Code   RO           16    i.DBUS_ParseData    main.o
    0x080006a4   0x080006a4   0x00000010   Code   RO          703    i.DMA2_Stream5_IRQHandler  stm32f4xx_it.o
    0x080006b4   0x080006b4   0x00000034   Code   RO         2610    i.DMA_CalcBaseAndBitshift  stm32f4xx_hal_dma.o
    0x080006e8   0x080006e8   0x000000aa   Code   RO         2611    i.DMA_CheckFifoParam  stm32f4xx_hal_dma.o
    0x08000792   0x08000792   0x0000002c   Code   RO         2612    i.DMA_SetConfig     stm32f4xx_hal_dma.o
    0x080007be   0x080007be   0x00000002   Code   RO          704    i.DebugMon_Handler  stm32f4xx_it.o
    0x080007c0   0x080007c0   0x00000006   Code   RO           17    i.Error_Handler     main.o
    0x080007c6   0x080007c6   0x00000002   PAD
    0x080007c8   0x080007c8   0x000000a0   Code   RO           19    i.FeedforwardController  main.o
    0x08000868   0x08000868   0x0000002a   Code   RO         1873    i.HAL_CAN_ActivateNotification  stm32f4xx_hal_can.o
    0x08000892   0x08000892   0x0000014a   Code   RO         1874    i.HAL_CAN_AddTxMessage  stm32f4xx_hal_can.o
    0x080009dc   0x080009dc   0x00000120   Code   RO         1875    i.HAL_CAN_ConfigFilter  stm32f4xx_hal_can.o
    0x08000afc   0x08000afc   0x00000002   Code   RO         1878    i.HAL_CAN_ErrorCallback  stm32f4xx_hal_can.o
    0x08000afe   0x08000afe   0x00000194   Code   RO         1881    i.HAL_CAN_GetRxMessage  stm32f4xx_hal_can.o
    0x08000c92   0x08000c92   0x0000024e   Code   RO         1885    i.HAL_CAN_IRQHandler  stm32f4xx_hal_can.o
    0x08000ee0   0x08000ee0   0x00000174   Code   RO         1886    i.HAL_CAN_Init      stm32f4xx_hal_can.o
    0x08001054   0x08001054   0x000001b4   Code   RO          509    i.HAL_CAN_MspInit   can.o
    0x08001208   0x08001208   0x00000002   Code   RO         1893    i.HAL_CAN_RxFifo0FullCallback  stm32f4xx_hal_can.o
    0x0800120a   0x0800120a   0x00000002   PAD
    0x0800120c   0x0800120c   0x000000b8   Code   RO           20    i.HAL_CAN_RxFifo0MsgPendingCallback  main.o
    0x080012c4   0x080012c4   0x00000002   Code   RO         1895    i.HAL_CAN_RxFifo1FullCallback  stm32f4xx_hal_can.o
    0x080012c6   0x080012c6   0x00000002   PAD
    0x080012c8   0x080012c8   0x000000b0   Code   RO           21    i.HAL_CAN_RxFifo1MsgPendingCallback  main.o
    0x08001378   0x08001378   0x00000002   Code   RO         1897    i.HAL_CAN_SleepCallback  stm32f4xx_hal_can.o
    0x0800137a   0x0800137a   0x0000005e   Code   RO         1898    i.HAL_CAN_Start     stm32f4xx_hal_can.o
    0x080013d8   0x080013d8   0x00000002   Code   RO         1900    i.HAL_CAN_TxMailbox0AbortCallback  stm32f4xx_hal_can.o
    0x080013da   0x080013da   0x00000002   Code   RO         1901    i.HAL_CAN_TxMailbox0CompleteCallback  stm32f4xx_hal_can.o
    0x080013dc   0x080013dc   0x00000002   Code   RO         1902    i.HAL_CAN_TxMailbox1AbortCallback  stm32f4xx_hal_can.o
    0x080013de   0x080013de   0x00000002   Code   RO         1903    i.HAL_CAN_TxMailbox1CompleteCallback  stm32f4xx_hal_can.o
    0x080013e0   0x080013e0   0x00000002   Code   RO         1904    i.HAL_CAN_TxMailbox2AbortCallback  stm32f4xx_hal_can.o
    0x080013e2   0x080013e2   0x00000002   Code   RO         1905    i.HAL_CAN_TxMailbox2CompleteCallback  stm32f4xx_hal_can.o
    0x080013e4   0x080013e4   0x00000002   Code   RO         1907    i.HAL_CAN_WakeUpFromRxMsgCallback  stm32f4xx_hal_can.o
    0x080013e6   0x080013e6   0x000000ac   Code   RO         2613    i.HAL_DMA_Abort     stm32f4xx_hal_dma.o
    0x08001492   0x08001492   0x00000028   Code   RO         2614    i.HAL_DMA_Abort_IT  stm32f4xx_hal_dma.o
    0x080014ba   0x080014ba   0x00000002   PAD
    0x080014bc   0x080014bc   0x00000240   Code   RO         2618    i.HAL_DMA_IRQHandler  stm32f4xx_hal_dma.o
    0x080016fc   0x080016fc   0x000000ec   Code   RO         2619    i.HAL_DMA_Init      stm32f4xx_hal_dma.o
    0x080017e8   0x080017e8   0x00000092   Code   RO         2623    i.HAL_DMA_Start_IT  stm32f4xx_hal_dma.o
    0x0800187a   0x0800187a   0x00000002   PAD
    0x0800187c   0x0800187c   0x000001f4   Code   RO         2506    i.HAL_GPIO_Init     stm32f4xx_hal_gpio.o
    0x08001a70   0x08001a70   0x0000000c   Code   RO         3061    i.HAL_GetTick       stm32f4xx_hal.o
    0x08001a7c   0x08001a7c   0x00000062   Code   RO         3306    i.HAL_IWDG_Init     stm32f4xx_hal_iwdg.o
    0x08001ade   0x08001ade   0x0000000e   Code   RO         3307    i.HAL_IWDG_Refresh  stm32f4xx_hal_iwdg.o
    0x08001aec   0x08001aec   0x00000018   Code   RO         3067    i.HAL_IncTick       stm32f4xx_hal.o
    0x08001b04   0x08001b04   0x0000003c   Code   RO         3068    i.HAL_Init          stm32f4xx_hal.o
    0x08001b40   0x08001b40   0x000000a0   Code   RO          849    i.HAL_InitTick      stm32f4xx_hal_timebase_tim.o
    0x08001be0   0x08001be0   0x00000064   Code   RO          825    i.HAL_MspInit       stm32f4xx_hal_msp.o
    0x08001c44   0x08001c44   0x00000028   Code   RO         2898    i.HAL_NVIC_EnableIRQ  stm32f4xx_hal_cortex.o
    0x08001c6c   0x08001c6c   0x0000007c   Code   RO         2904    i.HAL_NVIC_SetPriority  stm32f4xx_hal_cortex.o
    0x08001ce8   0x08001ce8   0x00000028   Code   RO         2905    i.HAL_NVIC_SetPriorityGrouping  stm32f4xx_hal_cortex.o
    0x08001d10   0x08001d10   0x00000184   Code   RO         2107    i.HAL_RCC_ClockConfig  stm32f4xx_hal_rcc.o
    0x08001e94   0x08001e94   0x00000044   Code   RO         2111    i.HAL_RCC_GetClockConfig  stm32f4xx_hal_rcc.o
    0x08001ed8   0x08001ed8   0x0000000c   Code   RO         2112    i.HAL_RCC_GetHCLKFreq  stm32f4xx_hal_rcc.o
    0x08001ee4   0x08001ee4   0x00000020   Code   RO         2114    i.HAL_RCC_GetPCLK1Freq  stm32f4xx_hal_rcc.o
    0x08001f04   0x08001f04   0x00000020   Code   RO         2115    i.HAL_RCC_GetPCLK2Freq  stm32f4xx_hal_rcc.o
    0x08001f24   0x08001f24   0x000000b0   Code   RO         2116    i.HAL_RCC_GetSysClockFreq  stm32f4xx_hal_rcc.o
    0x08001fd4   0x08001fd4   0x0000049c   Code   RO         2119    i.HAL_RCC_OscConfig  stm32f4xx_hal_rcc.o
    0x08002470   0x08002470   0x00000002   Code   RO         1605    i.HAL_TIMEx_BreakCallback  stm32f4xx_hal_tim_ex.o
    0x08002472   0x08002472   0x00000002   Code   RO         1606    i.HAL_TIMEx_CommutCallback  stm32f4xx_hal_tim_ex.o
    0x08002474   0x08002474   0x000000b4   Code   RO         1624    i.HAL_TIMEx_MasterConfigSynchronization  stm32f4xx_hal_tim_ex.o
    0x08002528   0x08002528   0x00000066   Code   RO          890    i.HAL_TIM_Base_Init  stm32f4xx_hal_tim.o
    0x0800258e   0x0800258e   0x00000002   PAD
    0x08002590   0x08002590   0x00000094   Code   RO          612    i.HAL_TIM_Base_MspInit  tim.o
    0x08002624   0x08002624   0x000000a8   Code   RO          895    i.HAL_TIM_Base_Start_IT  stm32f4xx_hal_tim.o
    0x080026cc   0x080026cc   0x0000010c   Code   RO          899    i.HAL_TIM_ConfigClockSource  stm32f4xx_hal_tim.o
    0x080027d8   0x080027d8   0x00000002   Code   RO          924    i.HAL_TIM_IC_CaptureCallback  stm32f4xx_hal_tim.o
    0x080027da   0x080027da   0x000000de   Code   RO          926    i.HAL_TIM_IC_ConfigChannel  stm32f4xx_hal_tim.o
    0x080028b8   0x080028b8   0x00000066   Code   RO          929    i.HAL_TIM_IC_Init   stm32f4xx_hal_tim.o
    0x0800291e   0x0800291e   0x00000002   Code   RO          931    i.HAL_TIM_IC_MspInit  stm32f4xx_hal_tim.o
    0x08002920   0x08002920   0x0000016c   Code   RO          938    i.HAL_TIM_IRQHandler  stm32f4xx_hal_tim.o
    0x08002a8c   0x08002a8c   0x00000002   Code   RO          941    i.HAL_TIM_OC_DelayElapsedCallback  stm32f4xx_hal_tim.o
    0x08002a8e   0x08002a8e   0x00000002   Code   RO          968    i.HAL_TIM_PWM_PulseFinishedCallback  stm32f4xx_hal_tim.o
    0x08002a90   0x08002a90   0x00000018   Code   RO           22    i.HAL_TIM_PeriodElapsedCallback  main.o
    0x08002aa8   0x08002aa8   0x00000002   Code   RO          981    i.HAL_TIM_TriggerCallback  stm32f4xx_hal_tim.o
    0x08002aaa   0x08002aaa   0x00000070   Code   RO         3346    i.HAL_UARTEx_ReceiveToIdle_DMA  stm32f4xx_hal_uart.o
    0x08002b1a   0x08002b1a   0x00000002   PAD
    0x08002b1c   0x08002b1c   0x0000003c   Code   RO           23    i.HAL_UARTEx_RxEventCallback  main.o
    0x08002b58   0x08002b58   0x00000018   Code   RO           24    i.HAL_UART_ErrorCallback  main.o
    0x08002b70   0x08002b70   0x00000308   Code   RO         3365    i.HAL_UART_IRQHandler  stm32f4xx_hal_uart.o
    0x08002e78   0x08002e78   0x00000076   Code   RO         3366    i.HAL_UART_Init     stm32f4xx_hal_uart.o
    0x08002eee   0x08002eee   0x00000002   PAD
    0x08002ef0   0x08002ef0   0x000000e0   Code   RO          654    i.HAL_UART_MspInit  usart.o
    0x08002fd0   0x08002fd0   0x00000002   Code   RO         3372    i.HAL_UART_RxCpltCallback  stm32f4xx_hal_uart.o
    0x08002fd2   0x08002fd2   0x00000002   Code   RO         3373    i.HAL_UART_RxHalfCpltCallback  stm32f4xx_hal_uart.o
    0x08002fd4   0x08002fd4   0x00000002   Code   RO         3377    i.HAL_UART_TxCpltCallback  stm32f4xx_hal_uart.o
    0x08002fd6   0x08002fd6   0x00000004   Code   RO          705    i.HardFault_Handler  stm32f4xx_it.o
    0x08002fda   0x08002fda   0x00000002   PAD
    0x08002fdc   0x08002fdc   0x00000014   Code   RO           25    i.M2006init         main.o
    0x08002ff0   0x08002ff0   0x00000044   Code   RO          510    i.MX_CAN1_Init      can.o
    0x08003034   0x08003034   0x00000044   Code   RO          511    i.MX_CAN2_Init      can.o
    0x08003078   0x08003078   0x00000038   Code   RO          557    i.MX_DMA_Init       dma.o
    0x080030b0   0x080030b0   0x0000007c   Code   RO          436    i.MX_FREERTOS_Init  freertos.o
    0x0800312c   0x0800312c   0x00000084   Code   RO          412    i.MX_GPIO_Init      gpio.o
    0x080031b0   0x080031b0   0x00000028   Code   RO          581    i.MX_IWDG_Init      iwdg.o
    0x080031d8   0x080031d8   0x000000a0   Code   RO          613    i.MX_TIM3_Init      tim.o
    0x08003278   0x08003278   0x00000040   Code   RO          655    i.MX_USART1_UART_Init  usart.o
    0x080032b8   0x080032b8   0x00000004   Code   RO          706    i.MemManage_Handler  stm32f4xx_it.o
    0x080032bc   0x080032bc   0x00000004   Code   RO          707    i.NMI_Handler       stm32f4xx_it.o
    0x080032c0   0x080032c0   0x00000188   Code   RO           28    i.PID_Compute_add   main.o
    0x08003448   0x08003448   0x00000220   Code   RO           29    i.PID_Compute_full  main.o
    0x08003668   0x08003668   0x00000204   Code   RO           30    i.PID_Compute_local  main.o
    0x0800386c   0x0800386c   0x00000002   Code   RO          708    i.RCC_IRQHandler    stm32f4xx_it.o
    0x0800386e   0x0800386e   0x00000010   Code   RO          437    i.StartDefaultTask  freertos.o
    0x0800387e   0x0800387e   0x00000002   PAD
    0x08003880   0x08003880   0x00000040   Code   RO           31    i.StartRCWatchdogTask  main.o
    0x080038c0   0x080038c0   0x00000018   Code   RO          438    i.StartTask02       freertos.o
    0x080038d8   0x080038d8   0x00000024   Code   RO          439    i.StartTask03       freertos.o
    0x080038fc   0x080038fc   0x0000000e   Code   RO          440    i.StartTask04       freertos.o
    0x0800390a   0x0800390a   0x00000002   PAD
    0x0800390c   0x0800390c   0x00000074   Code   RO           32    i.StartWatchdogTask  main.o
    0x08003980   0x08003980   0x00000034   Code   RO         4985    i.SysTick_Handler   port.o
    0x080039b4   0x080039b4   0x000000bc   Code   RO           33    i.SystemClock_Config  main.o
    0x08003a70   0x08003a70   0x00000014   Code   RO         3710    i.SystemInit        system_stm32f4xx.o
    0x08003a84   0x08003a84   0x00000010   Code   RO          709    i.TIM1_UP_TIM10_IRQHandler  stm32f4xx_it.o
    0x08003a94   0x08003a94   0x00000010   Code   RO          710    i.TIM3_IRQHandler   stm32f4xx_it.o
    0x08003aa4   0x08003aa4   0x000000e0   Code   RO          983    i.TIM_Base_SetConfig  stm32f4xx_hal_tim.o
    0x08003b84   0x08003b84   0x00000016   Code   RO          994    i.TIM_ETR_SetConfig  stm32f4xx_hal_tim.o
    0x08003b9a   0x08003b9a   0x00000012   Code   RO          995    i.TIM_ITRx_SetConfig  stm32f4xx_hal_tim.o
    0x08003bac   0x08003bac   0x00000026   Code   RO         1001    i.TIM_TI1_ConfigInputStage  stm32f4xx_hal_tim.o
    0x08003bd2   0x08003bd2   0x00000002   PAD
    0x08003bd4   0x08003bd4   0x00000090   Code   RO         1002    i.TIM_TI1_SetConfig  stm32f4xx_hal_tim.o
    0x08003c64   0x08003c64   0x00000028   Code   RO         1003    i.TIM_TI2_ConfigInputStage  stm32f4xx_hal_tim.o
    0x08003c8c   0x08003c8c   0x0000003a   Code   RO         1004    i.TIM_TI2_SetConfig  stm32f4xx_hal_tim.o
    0x08003cc6   0x08003cc6   0x00000038   Code   RO         1005    i.TIM_TI3_SetConfig  stm32f4xx_hal_tim.o
    0x08003cfe   0x08003cfe   0x0000003c   Code   RO         1006    i.TIM_TI4_SetConfig  stm32f4xx_hal_tim.o
    0x08003d3a   0x08003d3a   0x00000012   Code   RO         3379    i.UART_DMAAbortOnError  stm32f4xx_hal_uart.o
    0x08003d4c   0x08003d4c   0x00000050   Code   RO         3380    i.UART_DMAError     stm32f4xx_hal_uart.o
    0x08003d9c   0x08003d9c   0x000000b4   Code   RO         3381    i.UART_DMAReceiveCplt  stm32f4xx_hal_uart.o
    0x08003e50   0x08003e50   0x00000024   Code   RO         3383    i.UART_DMARxHalfCplt  stm32f4xx_hal_uart.o
    0x08003e74   0x08003e74   0x0000006c   Code   RO         3389    i.UART_EndRxTransfer  stm32f4xx_hal_uart.o
    0x08003ee0   0x08003ee0   0x00000020   Code   RO         3390    i.UART_EndTransmit_IT  stm32f4xx_hal_uart.o
    0x08003f00   0x08003f00   0x00000026   Code   RO         3391    i.UART_EndTxTransfer  stm32f4xx_hal_uart.o
    0x08003f26   0x08003f26   0x000000fc   Code   RO         3392    i.UART_Receive_IT   stm32f4xx_hal_uart.o
    0x08004022   0x08004022   0x00000002   PAD
    0x08004024   0x08004024   0x0000022c   Code   RO         3393    i.UART_SetConfig    stm32f4xx_hal_uart.o
    0x08004250   0x08004250   0x000000d8   Code   RO         3394    i.UART_Start_Receive_DMA  stm32f4xx_hal_uart.o
    0x08004328   0x08004328   0x00000060   Code   RO         3396    i.UART_Transmit_IT  stm32f4xx_hal_uart.o
    0x08004388   0x08004388   0x00000010   Code   RO          711    i.USART1_IRQHandler  stm32f4xx_it.o
    0x08004398   0x08004398   0x00000004   Code   RO          712    i.UsageFault_Handler  stm32f4xx_it.o
    0x0800439c   0x0800439c   0x00000010   Code   RO           34    i.Watchdog_FeedHardware  main.o
    0x080043ac   0x080043ac   0x0000002c   Code   RO           35    i.Watchdog_Heartbeat  main.o
    0x080043d8   0x080043d8   0x000000ac   Code   RO           36    i.Watchdog_Init     main.o
    0x08004484   0x08004484   0x00000010   Code   RO         2911    i.__NVIC_GetPriorityGrouping  stm32f4xx_hal_cortex.o
    0x08004494   0x08004494   0x00000028   Code   RO         2912    i.__NVIC_SetPriority  stm32f4xx_hal_cortex.o
    0x080044bc   0x080044bc   0x00000014   Code   RO         5061    i.__hardfp_fabs     m_wm.l(fabs.o)
    0x080044d0   0x080044d0   0x0000000e   Code   RO         5109    i.__scatterload_copy  mc_w.l(handlers.o)
    0x080044de   0x080044de   0x00000002   Code   RO         5110    i.__scatterload_null  mc_w.l(handlers.o)
    0x080044e0   0x080044e0   0x0000000e   Code   RO         5111    i.__scatterload_zeroinit  mc_w.l(handlers.o)
    0x080044ee   0x080044ee   0x00000002   PAD
    0x080044f0   0x080044f0   0x00000094   Code   RO           37    i.angleprocessing   main.o
    0x08004584   0x08004584   0x0000016c   Code   RO           39    i.check_jam         main.o
    0x080046f0   0x080046f0   0x0000002a   Code   RO           40    i.fconstrain        main.o
    0x0800471a   0x0800471a   0x00000010   Code   RO         4548    i.inHandlerMode     cmsis_os.o
    0x0800472a   0x0800472a   0x00000002   PAD
    0x0800472c   0x0800472c   0x00000084   Code   RO           41    i.main              main.o
    0x080047b0   0x080047b0   0x0000000e   Code   RO         4550    i.makeFreeRtosPriority  cmsis_os.o
    0x080047be   0x080047be   0x00000018   Code   RO         4552    i.osDelay           cmsis_os.o
    0x080047d6   0x080047d6   0x0000000a   Code   RO         4555    i.osKernelStart     cmsis_os.o
    0x080047e0   0x080047e0   0x00000014   Code   RO         4556    i.osKernelSysTick   cmsis_os.o
    0x080047f4   0x080047f4   0x0000005e   Code   RO         4589    i.osThreadCreate    cmsis_os.o
    0x08004852   0x08004852   0x00000002   PAD
    0x08004854   0x08004854   0x00000098   Code   RO         4221    i.prvAddCurrentTaskToDelayedList  tasks.o
    0x080048ec   0x080048ec   0x000000b4   Code   RO         4222    i.prvAddNewTaskToReadyList  tasks.o
    0x080049a0   0x080049a0   0x00000048   Code   RO         4223    i.prvCheckTasksWaitingTermination  tasks.o
    0x080049e8   0x080049e8   0x00000050   Code   RO         4224    i.prvDeleteTCB      tasks.o
    0x08004a38   0x08004a38   0x0000007c   Code   RO         4917    i.prvHeapInit       heap_4.o
    0x08004ab4   0x08004ab4   0x00000028   Code   RO         4225    i.prvIdleTask       tasks.o
    0x08004adc   0x08004adc   0x000000b4   Code   RO         4226    i.prvInitialiseNewTask  tasks.o
    0x08004b90   0x08004b90   0x00000068   Code   RO         4227    i.prvInitialiseTaskLists  tasks.o
    0x08004bf8   0x08004bf8   0x00000068   Code   RO         4918    i.prvInsertBlockIntoFreeList  heap_4.o
    0x08004c60   0x08004c60   0x00000034   Code   RO         4228    i.prvResetNextTaskUnblockTime  tasks.o
    0x08004c94   0x08004c94   0x00000040   Code   RO         4986    i.prvTaskExitError  port.o
    0x08004cd4   0x08004cd4   0x0000014c   Code   RO         4919    i.pvPortMalloc      heap_4.o
    0x08004e20   0x08004e20   0x0000002c   Code   RO         4987    i.pxPortInitialiseStack  port.o
    0x08004e4c   0x08004e4c   0x00000094   Code   RO           42    i.send1_can_gm3508  main.o
    0x08004ee0   0x08004ee0   0x00000090   Code   RO           43    i.send2_can_gm3508  main.o
    0x08004f70   0x08004f70   0x00000158   Code   RO           44    i.send_can_gm6020   main.o
    0x080050c8   0x080050c8   0x00000200   Code   RO           45    i.send_can_m2006    main.o
    0x080052c8   0x080052c8   0x00000028   Code   RO         3847    i.uxListRemove      list.o
    0x080052f0   0x080052f0   0x00000018   Code   RO          441    i.vApplicationGetIdleTaskMemory  freertos.o
    0x08005308   0x08005308   0x0000001a   Code   RO         3848    i.vListInitialise   list.o
    0x08005322   0x08005322   0x00000006   Code   RO         3849    i.vListInitialiseItem  list.o
    0x08005328   0x08005328   0x00000034   Code   RO         3850    i.vListInsert       list.o
    0x0800535c   0x0800535c   0x00000018   Code   RO         3851    i.vListInsertEnd    list.o
    0x08005374   0x08005374   0x00000054   Code   RO         4989    i.vPortEnterCritical  port.o
    0x080053c8   0x080053c8   0x0000003c   Code   RO         4990    i.vPortExitCritical  port.o
    0x08005404   0x08005404   0x000000a4   Code   RO         4920    i.vPortFree         heap_4.o
    0x080054a8   0x080054a8   0x00000028   Code   RO         4991    i.vPortSetupTimerInterrupt  port.o
    0x080054d0   0x080054d0   0x00000078   Code   RO         4992    i.vPortValidateInterruptPriority  port.o
    0x08005548   0x08005548   0x0000005c   Code   RO         4237    i.vTaskDelay        tasks.o
    0x080055a4   0x080055a4   0x000000b0   Code   RO         4250    i.vTaskStartScheduler  tasks.o
    0x08005654   0x08005654   0x00000010   Code   RO         4252    i.vTaskSuspendAll   tasks.o
    0x08005664   0x08005664   0x0000008c   Code   RO         4253    i.vTaskSwitchContext  tasks.o
    0x080056f0   0x080056f0   0x00000168   Code   RO         4993    i.xPortStartScheduler  port.o
    0x08005858   0x08005858   0x00000064   Code   RO         4256    i.xTaskCreate       tasks.o
    0x080058bc   0x080058bc   0x000000ba   Code   RO         4257    i.xTaskCreateStatic  tasks.o
    0x08005976   0x08005976   0x00000002   PAD
    0x08005978   0x08005978   0x0000000c   Code   RO         4262    i.xTaskGetTickCount  tasks.o
    0x08005984   0x08005984   0x00000014   Code   RO         4263    i.xTaskGetTickCountFromISR  tasks.o
    0x08005998   0x08005998   0x00000148   Code   RO         4264    i.xTaskIncrementTick  tasks.o
    0x08005ae0   0x08005ae0   0x00000104   Code   RO         4270    i.xTaskResumeAll    tasks.o
    0x08005be4   0x08005be4   0x0000001c   Data   RO           47    .constdata          main.o
    0x08005c00   0x08005c00   0x00000070   Data   RO          443    .constdata          freertos.o
    0x08005c70   0x08005c70   0x00000008   Data   RO         2625    .constdata          stm32f4xx_hal_dma.o
    0x08005c78   0x08005c78   0x00000018   Data   RO         3711    .constdata          system_stm32f4xx.o
    0x08005c90   0x08005c90   0x0000000d   Data   RO           48    .conststring        main.o
    0x08005c9d   0x08005c9d   0x00000003   PAD
    0x08005ca0   0x08005ca0   0x00000030   Data   RO          444    .conststring        freertos.o
    0x08005cd0   0x08005cd0   0x00000020   Data   RO         5107    Region$$Table       anon$$obj.o


    Execution Region RW_IRAM1 (Exec base: 0x20000000, Load base: 0x08005cf0, Size: 0x000047f0, Max: 0x0001c000, ABSOLUTE, COMPRESSED[0x00000080])

    Exec Addr    Load Addr    Size         Type   Attr      Idx    E Section Name        Object

    0x20000000   COMPRESSED   0x0000020d   Data   RW           49    .data               main.o
    0x2000020d   COMPRESSED   0x00000003   PAD
    0x20000210   COMPRESSED   0x00000010   Data   RW          445    .data               freertos.o
    0x20000220   COMPRESSED   0x00000004   Data   RW          513    .data               can.o
    0x20000224   COMPRESSED   0x00000009   Data   RW         3075    .data               stm32f4xx_hal.o
    0x2000022d   COMPRESSED   0x00000003   PAD
    0x20000230   COMPRESSED   0x00000004   Data   RW         3712    .data               system_stm32f4xx.o
    0x20000234   COMPRESSED   0x0000003c   Data   RW         4273    .data               tasks.o
    0x20000270   COMPRESSED   0x00000020   Data   RW         4926    .data               heap_4.o
    0x20000290   COMPRESSED   0x0000000c   Data   RW         4994    .data               port.o
    0x2000029c        -       0x00000078   Zero   RW           46    .bss                main.o
    0x20000314        -       0x00000254   Zero   RW          442    .bss                freertos.o
    0x20000568        -       0x00000050   Zero   RW          512    .bss                can.o
    0x200005b8        -       0x0000000c   Zero   RW          582    .bss                iwdg.o
    0x200005c4        -       0x00000048   Zero   RW          614    .bss                tim.o
    0x2000060c        -       0x000000a8   Zero   RW          656    .bss                usart.o
    0x200006b4        -       0x00000048   Zero   RW          852    .bss                stm32f4xx_hal_timebase_tim.o
    0x200006fc        -       0x000000f0   Zero   RW         4272    .bss                tasks.o
    0x200007ec        -       0x00003c00   Zero   RW         4925    .bss                heap_4.o
    0x200043ec   COMPRESSED   0x00000004   PAD
    0x200043f0        -       0x00000400   Zero   RW            1    STACK               startup_stm32f407xx.o


    Execution Region RW_IRAM2 (Exec base: 0x2001c000, Load base: 0x08005d70, Size: 0x00000000, Max: 0x00004000, ABSOLUTE)

    **** No section assigned to this execution region ****


==============================================================================

Image component sizes


      Code (inc. data)   RO Data    RW Data    ZI Data      Debug   Object Name

       572         46          0          4         80       2354   can.o
       178          0          0          0          0      29205   cmsis_os.o
        56          4          0          0          0        714   dma.o
         0          0          0          0          0      16784   event_groups.o
       238         32        160         16        596       9489   freertos.o
       132          6          0          0          0        835   gpio.o
       724         74          0         32      15360       7235   heap_4.o
        40          8          0          0         12        639   iwdg.o
       148          0          0          0          0       3410   list.o
      5036        538         41        525        120     759171   main.o
      1014         92          0         12          0      11737   port.o
        36          8        392          0       1024        812   startup_stm32f407xx.o
        96         20          0          9          0       7926   stm32f4xx_hal.o
      2142          4          0          0          0      13299   stm32f4xx_hal_can.o
       260         22          0          0          0      33402   stm32f4xx_hal_cortex.o
      1436         16          8          0          0       6794   stm32f4xx_hal_dma.o
       500         46          0          0          0       1404   stm32f4xx_hal_gpio.o
       112          0          0          0          0       1811   stm32f4xx_hal_iwdg.o
       100          6          0          0          0        818   stm32f4xx_hal_msp.o
      1888         94          0          0          0       6077   stm32f4xx_hal_rcc.o
      1896        106          0          0          0      14645   stm32f4xx_hal_tim.o
       184         30          0          0          0       2421   stm32f4xx_hal_tim_ex.o
       160         20          0          0         72       1359   stm32f4xx_hal_timebase_tim.o
      2624         28          0          0          0      13272   stm32f4xx_hal_uart.o
       200         66          0          0          0       8309   stm32f4xx_it.o
         0          0          0          0          0        384   stream_buffer.o
        20          6         24          4          0       1055   system_stm32f4xx.o
      2190        280          0         60        240      21100   tasks.o
       308         20          0          0         72       1762   tim.o
       288         32          0          0        168       1701   usart.o

    ----------------------------------------------------------------------
     22614       1604        660        668      17748     979924   Object Totals
         0          0         32          0          0          0   (incl. Generated)
        36          0          3          6          4          0   (incl. Padding)

    ----------------------------------------------------------------------

      Code (inc. data)   RO Data    RW Data    ZI Data      Debug   Library Member Name

        20          0          0          0          0        124   fabs.o
        86          0          0          0          0          0   __dczerorl2.o
         0          0          0          0          0          0   entry.o
         0          0          0          0          0          0   entry10a.o
         0          0          0          0          0          0   entry11a.o
         4          0          0          0          0          0   entry12b.o
         8          4          0          0          0          0   entry2.o
         4          0          0          0          0          0   entry5.o
         0          0          0          0          0          0   entry7b.o
         0          0          0          0          0          0   entry8b.o
         8          4          0          0          0          0   entry9a.o
        30          0          0          0          0          0   handlers.o
        36          8          0          0          0         68   init.o
         0          0          0          0          0          0   iusefp.o
        30          0          0          0          0         68   llshl.o
        32          0          0          0          0         68   llushr.o
        36          0          0          0          0         68   memcpya.o
        36          0          0          0          0        108   memseta.o
        98          0          0          0          0         92   uldiv.o
        48          0          0          0          0         68   cdcmple.o
        38          0          0          0          0         68   f2d.o

    ----------------------------------------------------------------------
       518         16          0          0          0        732   Library Totals
         4          0          0          0          0          0   (incl. Padding)

    ----------------------------------------------------------------------

      Code (inc. data)   RO Data    RW Data    ZI Data      Debug   Library Name

        20          0          0          0          0        124   m_wm.l
       408         16          0          0          0        472   mc_w.l
        86          0          0          0          0        136   mf_w.l

    ----------------------------------------------------------------------
       518         16          0          0          0        732   Library Totals

    ----------------------------------------------------------------------

==============================================================================


      Code (inc. data)   RO Data    RW Data    ZI Data      Debug   

     23132       1620        660        668      17748     962532   Grand Totals
     23132       1620        660        128      17748     962532   ELF Image Totals (compressed)
     23132       1620        660        128          0          0   ROM Totals

==============================================================================

    Total RO  Size (Code + RO Data)                23792 (  23.23kB)
    Total RW  Size (RW Data + ZI Data)             18416 (  17.98kB)
    Total ROM Size (Code + RO Data + RW Data)      23920 (  23.36kB)

==============================================================================

